<html>
<body>
<pre>
<h1>µVision Build Log</h1>
<h2>Tool Versions:</h2>
IDE-Version: µVision V5.41.0.0
Copyright (C) 2024 ARM Ltd and ARM Germany GmbH. All rights reserved.
License Information: 1 2
3
User-based license: Keil MDK Nuvoton Edition - Full Cortex-M
Valid until: Sep 27 2034. Cached until: Dec 25 2024
 
Tool Versions:
Toolchain:       Keil MDK Nuvoton Edition - Full Cortex-M  Version: 5.41.0.0
Toolchain Path:  C:\Keil_v5\ARM\ARMCLANG\Bin
C Compiler:      ArmClang.exe V6.22
Assembler:       Armasm.exe V6.22
Linker/Locator:  ArmLink.exe V6.22
Library Manager: ArmAr.exe V6.22
Hex Converter:   FromElf.exe V6.22
CPU DLL:         SARMCM3.DLL V5.41.0.0
Dialog DLL:      DARMCM1.DLL V1.19.6.0
Target DLL:      Nu_Link.dll V3.15
Dialog DLL:      TARMCM1.DLL V1.14.6.0
 
<h2>Project:</h2>
C:\Users\jcliu\Downloads\m032_cpp_cout_gpio_int_ac6\SampleCode\StdDriver\CPP_IN_OUT\KEIL\GPIO_OutputInput.uvprojx
Project File Date:  12/18/2024

<h2>Output:</h2>
*** Using Compiler 'V6.22', folder: 'C:\Keil_v5\ARM\ARMCLANG\Bin'
Rebuild target 'GPIO_OutputInput'
creating preprocessor file for gpio.c...
assembling startup_M031Series.s...
creating preprocessor file for uart.c...
creating preprocessor file for system_M031Series.c...
compiling clk.c...
creating preprocessor file for clk.c...
creating list file for system_M031Series.c...
creating list file for gpio.c...
compiling system_M031Series.c...
creating list file for uart.c...
creating list file for clk.c...
compiling uart.c...
creating list file for sys.c...
compiling gpio.c...
creating preprocessor file for retarget_io.c...
creating list file for retarget_io.c...
creating preprocessor file for sys.c...
creating preprocessor file for cout.c...
compiling sys.c...
creating list file for cout.c...
compiling cout.c...
compiling retarget_io.c...
creating preprocessor file for main.cpp...
compiling main.cpp...
creating list file for main.cpp...
linking...
Program Size: Code=88820 RO-data=9532 RW-data=48 ZI-data=8536  
After Build - User command #1: fromelf --bin ".\obj\GPIO_OutputInput.axf" --output ".\obj\GPIO_OutputInput.bin"
After Build - User command #2: fromelf --text -c ".\obj\GPIO_OutputInput.axf" --output ".\obj\GPIO_OutputInput.txt"
".\obj\GPIO_OutputInput.axf" - 0 Error(s), 0 Warning(s).

<h2>Software Packages used:</h2>

Package Vendor: ARM
                https://www.keil.com/pack/ARM.CMSIS.6.1.0.pack
                ARM::CMSIS@6.1.0
                CMSIS (Common Microcontroller Software Interface Standard)
   * Component: CORE Version: 6.1.0

Package Vendor: Nuvoton
                https://github.com/OpenNuvoton/cmsis-packs/raw/master/Nuvoton_DFP/Nuvoton.NuMicro_DFP.1.3.24.pack
                Nuvoton::NuMicro_DFP@1.3.24
                Nuvoton ARM Cortex-M NuMicro Family Device Support

Package Vendor: Keil
                https://www.keil.com/pack/Keil.ARM_Compiler.1.7.2.pack
                Keil::ARM_Compiler@1.7.2
                Keil ARM Compiler extensions for ARM Compiler 5 and ARM Compiler 6
   * Component: STDOUT Variant: User Version: 1.2.0

<h2>Collection of Component include folders:</h2>
  ./RTE/_GPIO_OutputInput
  C:/Users/jcliu/AppData/Local/Arm/Packs/ARM/CMSIS/6.1.0/CMSIS/Core/Include
  C:/Users/jcliu/AppData/Local/Arm/Packs/Nuvoton/NuMicro_DFP/1.3.24/Device/M031/Include

<h2>Collection of Component Files used:</h2>

   * Component: ARM::CMSIS:CORE@6.1.0

   * Component: Keil::Compiler&ARM Compiler:I/O:STDOUT&User@1.2.0
      Source file:   Template/stdout_USART.c
      Source file:   Source/retarget_io.c
      Source file:   Template/stdout_user.c
      Source file:   Template/stdout_display.c
Build Time Elapsed:  00:00:03
</pre>
</body>
</html>
