Component: Arm Compiler for Embedded 6.22 Tool: armlink [5ee90200]

==============================================================================

Small function inlining results

Inlined function __aeabi_idiv0 from aeabi_idiv0.o at offset 0x160 in aeabi_sdiv.o(.text).
Inlined Instruction: BX       lr
Inlined function __aeabi_idiv0 from aeabi_idiv0.o at offset 0xc in aeabi_sdiv_div0.o(.text).
Inlined Instruction: BX       lr
Inlined function __aeabi_idiv0 from aeabi_idiv0.o at offset 0x176 in aeabi_sdiv_div0.o(.text).
Inlined Instruction: BX       lr
Inlined function __ARM_resolve_target1 from __ARM_resolve_target1.o at offset 0x16 in init_aeabi.o(.text).
Inlined Instruction: LDR      r1,[r0,#0], ADDS     r0,r1,r0
Inlined function std::__2::__shared_count::~__shared_count__sub_object() from memory.cpp.o at offset 0x6a in locale.cpp.o(.text._ZNSt3__26locale5__impD2Ev).
Inlined Instruction: BX       lr
Inlined function std::__2::__shared_count::~__shared_count__sub_object() from memory.cpp.o at offset 0x2 in locale.cpp.o(.text._ZNSt3__26locale5facetD0Ev).
Inlined Instruction: BX       lr
Inlined function std::__2::__shared_count::~__shared_count__sub_object() from memory.cpp.o at offset 0x8 in locale.cpp.o(.text._ZNSt3__214collate_bynameIcED2Ev).
Inlined Instruction: BX       lr
Inlined function std::__2::__shared_count::~__shared_count__sub_object() from memory.cpp.o at offset 0x8 in locale.cpp.o(.text._ZNSt3__214collate_bynameIcED0Ev).
Inlined Instruction: BX       lr
Inlined function std::__2::__shared_count::~__shared_count__sub_object() from memory.cpp.o at offset 0x8 in locale.cpp.o(.text._ZNSt3__214collate_bynameIwED2Ev).
Inlined Instruction: BX       lr
Inlined function std::__2::__shared_count::~__shared_count__sub_object() from memory.cpp.o at offset 0x8 in locale.cpp.o(.text._ZNSt3__214collate_bynameIwED0Ev).
Inlined Instruction: BX       lr
Inlined function std::__2::__shared_count::~__shared_count__sub_object() from memory.cpp.o at offset 0x2 in locale.cpp.o(.text._ZNSt3__25ctypeIwED0Ev).
Inlined Instruction: BX       lr
Inlined function std::__2::__shared_count::~__shared_count__sub_object() from memory.cpp.o at offset 0x1c in locale.cpp.o(.text._ZNSt3__25ctypeIcED2Ev).
Inlined Instruction: BX       lr
Inlined function std::__2::__shared_count::~__shared_count__sub_object() from memory.cpp.o at offset 0x8 in locale.cpp.o(.text._ZNSt3__212ctype_bynameIwED0Ev).
Inlined Instruction: BX       lr
Inlined function std::__2::__shared_count::~__shared_count__sub_object() from memory.cpp.o at offset 0x2 in locale.cpp.o(.text._ZNSt3__27codecvtIccSt11__mbstate_tED0Ev).
Inlined Instruction: BX       lr
Inlined function std::__2::__shared_count::~__shared_count__sub_object() from memory.cpp.o at offset 0x10 in locale.cpp.o(.text._ZNSt3__27codecvtIwcSt11__mbstate_tED0Ev).
Inlined Instruction: BX       lr
Inlined function std::__2::__shared_count::~__shared_count__sub_object() from memory.cpp.o at offset 0x2 in locale.cpp.o(.text._ZNSt3__27codecvtIDscSt11__mbstate_tED0Ev).
Inlined Instruction: BX       lr
Inlined function std::__2::__shared_count::~__shared_count__sub_object() from memory.cpp.o at offset 0x2 in locale.cpp.o(.text._ZNSt3__27codecvtIDsDuSt11__mbstate_tED0Ev).
Inlined Instruction: BX       lr
Inlined function std::__2::__shared_count::~__shared_count__sub_object() from memory.cpp.o at offset 0x2 in locale.cpp.o(.text._ZNSt3__27codecvtIDicSt11__mbstate_tED0Ev).
Inlined Instruction: BX       lr
Inlined function std::__2::__shared_count::~__shared_count__sub_object() from memory.cpp.o at offset 0x2 in locale.cpp.o(.text._ZNSt3__27codecvtIDiDuSt11__mbstate_tED0Ev).
Inlined Instruction: BX       lr
Inlined function std::__2::__shared_count::~__shared_count__sub_object() from memory.cpp.o at offset 0x2 in locale.cpp.o(.text._ZNSt3__216__narrow_to_utf8ILj16EED0Ev).
Inlined Instruction: BX       lr
Inlined function std::__2::__shared_count::~__shared_count__sub_object() from memory.cpp.o at offset 0x2 in locale.cpp.o(.text._ZNSt3__216__narrow_to_utf8ILj32EED0Ev).
Inlined Instruction: BX       lr
Inlined function std::__2::__shared_count::~__shared_count__sub_object() from memory.cpp.o at offset 0x2 in locale.cpp.o(.text._ZNSt3__217__widen_from_utf8ILj16EED0Ev).
Inlined Instruction: BX       lr
Inlined function std::__2::__shared_count::~__shared_count__sub_object() from memory.cpp.o at offset 0x2 in locale.cpp.o(.text._ZNSt3__217__widen_from_utf8ILj32EED0Ev).
Inlined Instruction: BX       lr
Inlined function std::__2::__shared_count::~__shared_count__sub_object() from memory.cpp.o at offset 0x22 in locale.cpp.o(.text._ZNSt3__28numpunctIcED2Ev).
Inlined Instruction: BX       lr
Inlined function std::__2::__shared_count::~__shared_count__sub_object() from memory.cpp.o at offset 0x22 in locale.cpp.o(.text._ZNSt3__28numpunctIwED2Ev).
Inlined Instruction: BX       lr
[...]
    0x00011e64   0x00011e64   0x00000014   Code   RO         1277    .text._ZNSt3__26localeC2ERKS0_  libcpp_pnu.l(locale.cpp.o)
    0x00011e78   0x00011e78   0x0000001c   Code   RO         1275    .text._ZNSt3__26localeC2Ev  libcpp_pnu.l(locale.cpp.o)
    0x00011e94   0x00011e94   0x00000024   Code   RO         1279    .text._ZNSt3__26localeD2Ev  libcpp_pnu.l(locale.cpp.o)
    0x00011eb8   0x00011eb8   0x00000026   Code   RO         2837    .text._ZNSt3__26vectorIPNS_6locale5facetENS_15__sso_allocatorIS3_Lj30EEEE16__destroy_vectorclB8nn190000Ev  libcpp_pnu.l(locale.cpp.o)
    0x00011ede   0x00011ede   0x00000020   Code   RO         2633    .text._ZNSt3__26vectorIPNS_6locale5facetENS_15__sso_allocatorIS3_Lj30EEEE6resizeEj  libcpp_pnu.l(locale.cpp.o)
    0x00011efe   0x00011efe   0x00000002   PAD
    0x00011f00   0x00011f00   0x000000b0   Code   RO         2839    .text._ZNSt3__26vectorIPNS_6locale5facetENS_15__sso_allocatorIS3_Lj30EEEE8__appendEj  libcpp_pnu.l(locale.cpp.o)
    0x00011fb0   0x00011fb0   0x0000000e   Code   RO         1525    .text._ZNSt3__27codecvtIDiDuSt11__mbstate_tED0Ev  libcpp_pnu.l(locale.cpp.o)
    0x00011fbe   0x00011fbe   0x0000000e   Code   RO         1503    .text._ZNSt3__27codecvtIDicSt11__mbstate_tED0Ev  libcpp_pnu.l(locale.cpp.o)
    0x00011fcc   0x00011fcc   0x0000000e   Code   RO         1487    .text._ZNSt3__27codecvtIDsDuSt11__mbstate_tED0Ev  libcpp_pnu.l(locale.cpp.o)
    0x00011fda   0x00011fda   0x0000000e   Code   RO         1465    .text._ZNSt3__27codecvtIDscSt11__mbstate_tED0Ev  libcpp_pnu.l(locale.cpp.o)
    0x00011fe8   0x00011fe8   0x0000000e   Code   RO         1429    .text._ZNSt3__27codecvtIccSt11__mbstate_tED0Ev  libcpp_pnu.l(locale.cpp.o)
    0x00011ff6   0x00011ff6   0x00000002   PAD
    0x00011ff8   0x00011ff8   0x0000001c   Code   RO         1449    .text._ZNSt3__27codecvtIwcSt11__mbstate_tED0Ev  libcpp_pnu.l(locale.cpp.o)
    0x00012014   0x00012014   0x0000001c   Code   RO         1859    .text._ZNSt3__27codecvtIwcSt11__mbstate_tED2Ev  libcpp_pnu.l(locale.cpp.o)
    0x00012030   0x00012030   0x0000000e   Code   RO         2097    .text._ZNSt3__27collateIcED0Ev  libcpp_pnu.l(locale.cpp.o)
    0x0001203e   0x0001203e   0x00000008   Code   RO         2095    .text._ZNSt3__27collateIcED2Ev  libcpp_pnu.l(locale.cpp.o)
    0x00012046   0x00012046   0x0000000e   Code   RO         2107    .text._ZNSt3__27collateIwED0Ev  libcpp_pnu.l(locale.cpp.o)
    0x00012054   0x00012054   0x00000008   Code   RO         2105    .text._ZNSt3__27collateIwED2Ev  libcpp_pnu.l(locale.cpp.o)
    0x0001205c   0x0001205c   0x0000000e   Code   RO         2671    .text._ZNSt3__27num_getIcNS_19istreambuf_iteratorIcNS_11char_traitsIcEEEEED0Ev  libcpp_pnu.l(locale.cpp.o)
    0x0001206a   0x0001206a   0x0000000e   Code   RO         2673    .text._ZNSt3__27num_getIwNS_19istreambuf_iteratorIwNS_11char_traitsIwEEEEED0Ev  libcpp_pnu.l(locale.cpp.o)
    0x00012078   0x00012078   0x0000000e   Code   RO         2675    .text._ZNSt3__27num_putIcNS_19ostreambuf_iteratorIcNS_11char_traitsIcEEEEED0Ev  libcpp_pnu.l(locale.cpp.o)
    0x00012086   0x00012086   0x0000000e   Code   RO         2677    .text._ZNSt3__27num_putIwNS_19ostreambuf_iteratorIwNS_11char_traitsIwEEEEED0Ev  libcpp_pnu.l(locale.cpp.o)
    0x00012094   0x00012094   0x0000003c   Code   RO         1140    .text._ZNSt3__28ios_base4InitC2Ev  libcpp_pnu.l(iostream.cpp.o)
    0x000120d0   0x000120d0   0x00000002   Code   RO         1142    .text._ZNSt3__28ios_base4InitD2Ev  libcpp_pnu.l(iostream.cpp.o)
    0x000120d2   0x000120d2   0x00000002   PAD
    0x000120d4   0x000120d4   0x00000034   Code   RO          485    .text._ZNSt3__28ios_base4initEPv  libcpp_pnu.l(ios.cpp.o)
    0x00012108   0x00012108   0x00000028   Code   RO          483    .text._ZNSt3__28ios_base5clearEj  libcpp_pnu.l(ios.cpp.o)
    0x00012130   0x00012130   0x00000018   Code   RO          387    .text._ZNSt3__28ios_base8setstateB8nn190000Ej  main.o
    0x00012148   0x00012148   0x0000000e   Code   RO          481    .text._ZNSt3__28ios_baseD0Ev  libcpp_pnu.l(ios.cpp.o)
    0x00012156   0x00012156   0x00000002   PAD
    0x00012158   0x00012158   0x00000050   Code   RO          479    .text._ZNSt3__28ios_baseD2Ev  libcpp_pnu.l(ios.cpp.o)
    0x000121a8   0x000121a8   0x0000000e   Code   RO         2799    .text._ZNSt3__28messagesIcED0Ev  libcpp_pnu.l(locale.cpp.o)
    0x000121b6   0x000121b6   0x0000000e   Code   RO         2801    .text._ZNSt3__28messagesIwED0Ev  libcpp_pnu.l(locale.cpp.o)
    0x000121c4   0x000121c4   0x0000000e   Code   RO         1739    .text._ZNSt3__28numpunctIcED0Ev  libcpp_pnu.l(locale.cpp.o)
    0x000121d2   0x000121d2   0x00000002   PAD
    0x000121d4   0x000121d4   0x0000002c   Code   RO         1737    .text._ZNSt3__28numpunctIcED2Ev  libcpp_pnu.l(locale.cpp.o)
    0x00012200   0x00012200   0x0000000e   Code   RO         1743    .text._ZNSt3__28numpunctIwED0Ev  libcpp_pnu.l(locale.cpp.o)
    0x0001220e   0x0001220e   0x00000002   PAD
    0x00012210   0x00012210   0x0000002c   Code   RO         1741    .text._ZNSt3__28numpunctIwED2Ev  libcpp_pnu.l(locale.cpp.o)
    0x0001223c   0x0001223c   0x0000000e   Code   RO         2681    .text._ZNSt3__28time_getIcNS_19istreambuf_iteratorIcNS_11char_traitsIcEEEEED0Ev  libcpp_pnu.l(locale.cpp.o)
    0x0001224a   0x0001224a   0x00000008   Code   RO         2679    .text._ZNSt3__28time_getIcNS_19istreambuf_iteratorIcNS_11char_traitsIcEEEEED2Ev  libcpp_pnu.l(locale.cpp.o)
    0x00012252   0x00012252   0x0000000e   Code   RO         2685    .text._ZNSt3__28time_getIwNS_19istreambuf_iteratorIwNS_11char_traitsIwEEEEED0Ev  libcpp_pnu.l(locale.cpp.o)
    0x00012260   0x00012260   0x00000008   Code   RO         2683    .text._ZNSt3__28time_getIwNS_19istreambuf_iteratorIwNS_11char_traitsIwEEEEED2Ev  libcpp_pnu.l(locale.cpp.o)
    0x00012268   0x00012268   0x00000016   Code   RO         2755    .text._ZNSt3__28time_putIcNS_19ostreambuf_iteratorIcNS_11char_traitsIcEEEEED0Ev  libcpp_pnu.l(locale.cpp.o)
    0x0001227e   0x0001227e   0x00000010   Code   RO         2759    .text._ZNSt3__28time_putIcNS_19ostreambuf_iteratorIcNS_11char_traitsIcEEEEED2Ev  libcpp_pnu.l(locale.cpp.o)
    0x0001228e   0x0001228e   0x00000016   Code   RO         2757    .text._ZNSt3__28time_putIwNS_19ostreambuf_iteratorIwNS_11char_traitsIwEEEEED0Ev  libcpp_pnu.l(locale.cpp.o)
    0x000122a4   0x000122a4   0x00000010   Code   RO         2763    .text._ZNSt3__28time_putIwNS_19ostreambuf_iteratorIwNS_11char_traitsIwEEEEED2Ev  libcpp_pnu.l(locale.cpp.o)
    0x000122b4   0x000122b4   0x000001dc   Code   RO         1136    .text._ZNSt3__29DoIOSInitC2Ev  libcpp_pnu.l(iostream.cpp.o)
    0x00012490   0x00012490   0x00000030   Code   RO         1138    .text._ZNSt3__29DoIOSInitD2Ev  libcpp_pnu.l(iostream.cpp.o)
    0x000124c0   0x000124c0   0x000000e4   Code   RO         2157    .text._ZNSt3__29__num_getIcE17__stage2_int_loopEciPcRS2_RjcRKNS_12basic_stringIcNS_11char_traitsIcEENS_9allocatorIcEEEEPjRSD_PKc  libcpp_pnu.l(locale.cpp.o)
    0x000125a4   0x000125a4   0x0000004c   Code   RO         2209    .text._ZNSt3__29__num_getIcE17__stage2_int_prepERNS_8ios_baseERc  libcpp_pnu.l(locale.cpp.o)
    0x000125f0   0x000125f0   0x0000026c   Code   RO         2861    .text._ZNSt3__29__num_getIcE19__stage2_float_loopEcRbRcPcRS4_ccRKNS_12basic_stringIcNS_11char_traitsIcEENS_9allocatorIcEEEEPjRSE_RjS4_S2_  libcpp_pnu.l(locale.cpp.o)
    0x0001285c   0x0001285c   0x00000080   Code   RO         2205    .text._ZNSt3__29__num_getIcE19__stage2_float_prepERNS_8ios_baseEPcRcS5_  libcpp_pnu.l(locale.cpp.o)
    0x000128dc   0x000128dc   0x000000e0   Code   RO         2203    .text._ZNSt3__29__num_getIwE17__stage2_int_loopEwiPcRS2_RjwRKNS_12basic_stringIcNS_11char_traitsIcEENS_9allocatorIcEEEEPjRSD_PKw  libcpp_pnu.l(locale.cpp.o)
    0x000129bc   0x000129bc   0x00000050   Code   RO         2219    .text._ZNSt3__29__num_getIwE17__stage2_int_prepERNS_8ios_baseERw  libcpp_pnu.l(locale.cpp.o)
    0x00012a0c   0x00012a0c   0x00000284   Code   RO         2869    .text._ZNSt3__29__num_getIwE19__stage2_float_loopEwRbRcPcRS4_wwRKNS_12basic_stringIcNS_11char_traitsIcEENS_9allocatorIcEEEEPjRSE_RjPwS2_  libcpp_pnu.l(locale.cpp.o)
    0x00012c90   0x00012c90   0x00000080   Code   RO         2215    .text._ZNSt3__29__num_getIwE19__stage2_float_prepERNS_8ios_baseEPwRwS5_  libcpp_pnu.l(locale.cpp.o)
    0x00012d10   0x00012d10   0x000001d4   Code   RO         2289    .text._ZNSt3__29__num_putIcE21__widen_and_group_intEPcS2_S2_S2_RS2_S3_RKNS_6localeE  libcpp_pnu.l(locale.cpp.o)
    0x00012ee4   0x00012ee4   0x000002a0   Code   RO         2291    .text._ZNSt3__29__num_putIcE23__widen_and_group_floatEPcS2_S2_S2_RS2_S3_RKNS_6localeE  libcpp_pnu.l(locale.cpp.o)
    0x00013184   0x00013184   0x000001e8   Code   RO         2293    .text._ZNSt3__29__num_putIwE21__widen_and_group_intEPcS2_S2_PwRS3_S4_RKNS_6localeE  libcpp_pnu.l(locale.cpp.o)
    0x0001336c   0x0001336c   0x000002a4   Code   RO         2295    .text._ZNSt3__29__num_putIwE23__widen_and_group_floatEPcS2_S2_PwRS3_S4_RKNS_6localeE  libcpp_pnu.l(locale.cpp.o)
    0x00013610   0x00013610   0x00000014   Code   RO          353    .text._ZNSt3__29allocatorIcEC2B8nn190000Ev  main.o
    0x00013624   0x00013624   0x00000014   Code   RO          335    .text._ZNSt3__29basic_iosIcNS_11char_traitsIcEEE8setstateB8nn190000Ej  main.o
    0x00013638   0x00013638   0x00000720   Code   RO         2549    .text._ZNSt3__29money_getIcNS_19istreambuf_iteratorIcNS_11char_traitsIcEEEEE8__do_getERS4_S4_bRKNS_6localeEjRjRbRKNS_5ctypeIcEERNS_10unique_ptrIcPFvPvEEERPcSM_  libcpp_pnu.l(locale.cpp.o)
    0x00013d58   0x00013d58   0x0000000e   Code   RO         2791    .text._ZNSt3__29money_getIcNS_19istreambuf_iteratorIcNS_11char_traitsIcEEEEED0Ev  libcpp_pnu.l(locale.cpp.o)
    0x00013d66   0x00013d66   0x00000002   PAD
    0x00013d68   0x00013d68   0x0000089c   Code   RO         2563    .text._ZNSt3__29money_getIwNS_19istreambuf_iteratorIwNS_11char_traitsIwEEEEE8__do_getERS4_S4_bRKNS_6localeEjRjRbRKNS_5ctypeIwEERNS_10unique_ptrIwPFvPvEEERPwSM_  libcpp_pnu.l(locale.cpp.o)
    0x00014604   0x00014604   0x0000000e   Code   RO         2793    .text._ZNSt3__29money_getIwNS_19istreambuf_iteratorIwNS_11char_traitsIwEEEEED0Ev  libcpp_pnu.l(locale.cpp.o)
    0x00014612   0x00014612   0x0000000e   Code   RO         2795    .text._ZNSt3__29money_putIcNS_19ostreambuf_iteratorIcNS_11char_traitsIcEEEEED0Ev  libcpp_pnu.l(locale.cpp.o)
    0x00014620   0x00014620   0x0000000e   Code   RO         2797    .text._ZNSt3__29money_putIwNS_19ostreambuf_iteratorIwNS_11char_traitsIwEEEEED0Ev  libcpp_pnu.l(locale.cpp.o)
    0x0001462e   0x0001462e   0x00000002   PAD
    0x00014630   0x00014630   0x00000018   Code   RO          383    .text._ZNSt3__29use_facetB8nn190000INS_5ctypeIcEEEERKT_RKNS_6localeE  main.o
    0x00014648   0x00014648   0x000000fc   Code   RO         1507    .text._ZNSt3__2L12ucs4_to_utf8EPKjS1_RS1_PhS3_RS3_mNS_12codecvt_modeE  libcpp_pnu.l(locale.cpp.o)
    0x00014744   0x00014744   0x000001ac   Code   RO         1511    .text._ZNSt3__2L12utf8_to_ucs4EPKhS1_RS1_PjS3_RS3_mNS_12codecvt_modeE  libcpp_pnu.l(locale.cpp.o)
    0x000148f0   0x000148f0   0x000001c2   Code   RO         1469    .text._ZNSt3__2L13utf16_to_utf8EPKtS1_RS1_PhS3_RS3_mNS_12codecvt_modeE  libcpp_pnu.l(locale.cpp.o)
    0x00014ab2   0x00014ab2   0x00000204   Code   RO         1473    .text._ZNSt3__2L13utf8_to_utf16EPKhS1_RS1_PtS3_RS3_mNS_12codecvt_modeE  libcpp_pnu.l(locale.cpp.o)
    0x00014cb6   0x00014cb6   0x0000016c   Code   RO         1521    .text._ZNSt3__2L19utf8_to_ucs4_lengthEPKhS1_jmNS_12codecvt_modeE  libcpp_pnu.l(locale.cpp.o)
    0x00014e22   0x00014e22   0x00000156   Code   RO         1483    .text._ZNSt3__2L20utf8_to_utf16_lengthEPKhS1_jmNS_12codecvt_modeE  libcpp_pnu.l(locale.cpp.o)
    0x00014f78   0x00014f78   0x00000022   Code   RO          313    .text._ZNSt3__2lsB8nn190000INS_11char_traitsIcEEEERNS_13basic_ostreamIcT_EES6_PKc  main.o
    0x00014f9a   0x00014f9a   0x00000002   PAD
    0x00014f9c   0x00014f9c   0x0000000c   Code   RO         3991    .text._ZSt15get_new_handlerv  libcppabi_pnu.l(cxa_handlers.cpp.o)
    0x00014fa8   0x00014fa8   0x00000038   Code   RO         3875    .text._ZSt17__throw_bad_allocv  libcpp_pnu.l(new_helpers.cpp.o)
    0x00014fe0   0x00014fe0   0x00000012   Code   RO         3815    .text._ZSt18uncaught_exceptionv  libcpp_pnu.l(exception.cpp.o)
    0x00014ff2   0x00014ff2   0x00000002   PAD
    0x00014ff4   0x00014ff4   0x00000040   Code   RO         2811    .text._ZSt28__throw_bad_array_new_lengthB8nn190000v  libcpp_pnu.l(locale.cpp.o)
    0x00015034   0x00015034   0x0000001c   Code   RO          607    .text._ZTv0_n12_NSt3__213basic_istreamIcNS_11char_traitsIcEEED0Ev  libcpp_pnu.l(ios.instantiations.cpp.o)
    0x00015050   0x00015050   0x00000012   Code   RO          603    .text._ZTv0_n12_NSt3__213basic_istreamIcNS_11char_traitsIcEEED1Ev  libcpp_pnu.l(ios.instantiations.cpp.o)
    0x00015062   0x00015062   0x0000001c   Code   RO          805    .text._ZTv0_n12_NSt3__213basic_istreamIwNS_11char_traitsIwEEED0Ev  libcpp_pnu.l(ios.instantiations.cpp.o)
    0x0001507e   0x0001507e   0x00000012   Code   RO          801    .text._ZTv0_n12_NSt3__213basic_istreamIwNS_11char_traitsIwEEED1Ev  libcpp_pnu.l(ios.instantiations.cpp.o)
    0x00015090   0x00015090   0x0000001a   Code   RO          703    .text._ZTv0_n12_NSt3__213basic_ostreamIcNS_11char_traitsIcEEED0Ev  libcpp_pnu.l(ios.instantiations.cpp.o)
    0x000150aa   0x000150aa   0x00000012   Code   RO          699    .text._ZTv0_n12_NSt3__213basic_ostreamIcNS_11char_traitsIcEEED1Ev  libcpp_pnu.l(ios.instantiations.cpp.o)
    0x000150bc   0x000150bc   0x0000001a   Code   RO          901    .text._ZTv0_n12_NSt3__213basic_ostreamIwNS_11char_traitsIwEEED0Ev  libcpp_pnu.l(ios.instantiations.cpp.o)
    0x000150d6   0x000150d6   0x00000012   Code   RO          897    .text._ZTv0_n12_NSt3__213basic_ostreamIwNS_11char_traitsIwEEED1Ev  libcpp_pnu.l(ios.instantiations.cpp.o)
    0x000150e8   0x000150e8   0x00000008   Code   RO         3066    .text._ZdaPv        libcpp_pnu.l(new.cpp.o)
    0x000150f0   0x000150f0   0x00000008   Code   RO         3060    .text._ZdlPv        libcpp_pnu.l(new.cpp.o)
    0x000150f8   0x000150f8   0x00000008   Code   RO         3064    .text._ZdlPvj       libcpp_pnu.l(new.cpp.o)
    0x00015100   0x00015100   0x00000030   Code   RO         1863    .text.__cxx_global_array_dtor  libcpp_pnu.l(locale.cpp.o)
    0x00015130   0x00015130   0x0000002c   Code   RO         1869    .text.__cxx_global_array_dtor.105  libcpp_pnu.l(locale.cpp.o)
    0x0001515c   0x0001515c   0x00000030   Code   RO         1871    .text.__cxx_global_array_dtor.129  libcpp_pnu.l(locale.cpp.o)
    0x0001518c   0x0001518c   0x0000002c   Code   RO         1873    .text.__cxx_global_array_dtor.132  libcpp_pnu.l(locale.cpp.o)
    0x000151b8   0x000151b8   0x0000002c   Code   RO         1865    .text.__cxx_global_array_dtor.66  libcpp_pnu.l(locale.cpp.o)
    0x000151e4   0x000151e4   0x00000034   Code   RO         1867    .text.__cxx_global_array_dtor.81  libcpp_pnu.l(locale.cpp.o)
    0x00015218   0x00015218   0x00000024   Code   RO          174    .text.__cxx_global_var_init  main.o
    0x0001523c   0x0001523c   0x00000010   Code   RO          276    .text.__cxx_global_var_init.1  main.o
    0x0001524c   0x0001524c   0x00000034   Code   RO          278    .text.__cxx_global_var_init.2  main.o
    0x00015280   0x00015280   0x0000003c   Code   RO          282    .text.__cxx_global_var_init.3  main.o
    0x000152bc   0x000152bc   0x0000006c   Code   RO         4035    .text.__dynamic_cast  libcppabi_pnu.l(private_typeinfo.cpp.o)
    0x00015328   0x00015328   0x00000044   Code   RO          402    .text._sys_close    retarget_io.o
    0x0001536c   0x0001536c   0x00000044   Code   RO          412    .text._sys_flen     retarget_io.o
    0x000153b0   0x000153b0   0x00000044   Code   RO          408    .text._sys_istty    retarget_io.o
    0x000153f4   0x000153f4   0x00000080   Code   RO          400    .text._sys_open     retarget_io.o
    0x00015474   0x00015474   0x00000054   Code   RO          406    .text._sys_read     retarget_io.o
    0x000154c8   0x000154c8   0x0000004c   Code   RO          410    .text._sys_seek     retarget_io.o
    0x00015514   0x00015514   0x00000080   Code   RO          404    .text._sys_write    retarget_io.o
    0x00015594   0x00015594   0x00000004   Code   RO         4550    .text.abort_message  libcppabi_pnu.l(abort_message.cpp.o)
    0x00015598   0x00015598   0x000000e0   Code   RO          286    .text.main          main.o
    0x00015678   0x00015678   0x00000048   Code   RO          392    .text.stdout_putchar  cout.o
    0x000156c0   0x000156c0   0x0000002c   Code   RO         3970    .text.unlikely.__cxa_guard_acquire  libcppabi_pnu.l(cxa_guard.cpp.o)
    0x000156ec   0x000156ec   0x00000008   Code   RO         3972    .text.unlikely.__cxa_guard_release  libcppabi_pnu.l(cxa_guard.cpp.o)
    0x000156f4   0x000156f4   0x00000030   Code   RO         3052    __lcxx_override     libcpp_pnu.l(new.cpp.o)
    0x00015724   0x00015724   0x00000030   Code   RO         4705    i.__ARM_common_ll_muluu  c_pu.l(btod.o)
    0x00015754   0x00015754   0x0000001a   Code   RO         3720    i.__ARM_common_switch8  c_pu.l(strftime.o)
    0x0001576e   0x0001576e   0x00000002   PAD
    0x00015770   0x00015770   0x0000002c   Code   RO         4789    i.__ARM_fpclassify  m_ps.l(fpclassify.o)
    0x0001579c   0x0001579c   0x00000014   Code   RO         4895    i.__mathlib_dbl_overflow  m_ps.l(dunder.o)
    0x000157b0   0x000157b0   0x00000014   Code   RO         4897    i.__mathlib_dbl_underflow  m_ps.l(dunder.o)
    0x000157c4   0x000157c4   0x00000010   Code   RO         4791    i.__mathlib_narrow  m_ps.l(narrow.o)
    0x000157d4   0x000157d4   0x000000c8   Code   RO         4792    i.__mathlib_tofloat  m_ps.l(narrow.o)
    0x0001589c   0x0001589c   0x00000014   Code   RO         4873    i.__support_ldexp   m_ps.l(ldexp.o)
    0x000158b0   0x000158b0   0x0000000e   Code   RO         3572    i._is_digit         c_pu.l(__printf_wp.o)
    0x000158be   0x000158be   0x0000001e   Code   RO         4486    i.fgetc             c_pu.l(fgetc.o)
    0x000158dc   0x000158dc   0x00000020   Code   RO         4492    i.fputc             c_pu.l(fputc.o)
    0x000158fc   0x000158fc   0x00000058   Code   RO         4848    i.frexp             m_ps.l(frexp.o)
    0x00015954   0x00015954   0x00000070   Code   RO         4874    i.ldexp             m_ps.l(ldexp.o)
    0x000159c4   0x000159c4   0x0000001e   Code   RO         4327    i.strtod            m_ps.l(strtod.o)
    0x000159e2   0x000159e2   0x00000014   Code   RO         4331    i.strtof            m_ps.l(strtof.o)
    0x000159f6   0x000159f6   0x0000001e   Code   RO         4343    i.strtold           m_ps.l(strtold.o)
    0x00015a14   0x00015a14   0x0000002c   Code   RO         4519    locale$$code        c_pu.l(lc_ctype_c.o)
    0x00015a40   0x00015a40   0x0000002c   Code   RO         4525    locale$$code        c_pu.l(lc_time_c.o)
    0x00015a6c   0x00015a6c   0x0000002c   Code   RO         4724    locale$$code        c_pu.l(lc_numeric_c.o)
    0x00015a98   0x00015a98   0x00000064   Code   RO         4843    x$fpl$deqf          fz_ps.l(deqf.o)
    0x00015afc   0x00015afc   0x00000068   Code   RO         4845    x$fpl$drleqf        fz_ps.l(drlef.o)
    0x00015b64   0x00015b64   0x00000010   Code   RO         3785    x$fpl$printf1       fz_ps.l(printf1.o)
    0x00015b74   0x00015b74   0x00000010   Code   RO         3787    x$fpl$printf2       fz_ps.l(printf2.o)
    0x00015b84   0x00015b84   0x00000010   Code   RO         3793    x$fpl$scanf1        fz_ps.l(scanf1.o)
    0x00015b94   0x00015b94   0x00000020   Code   RO         4783    x$fpl$scanf2        fz_ps.l(scanf2.o)
    0x00015bb4   0x00015bb4   0x00000000   Code   RO         4548    x$fpl$usenofp       fz_ps.l(usenofp.o)
    0x00015bb4   0x00015bb4   0x00000008   Data   RO         3531    .constdata          c_pu.l(_printf_wctomb.o)
    0x00015bbc   0x00015bbc   0x00000028   Data   RO         3560    .constdata          c_pu.l(_printf_hex_int_ll_ptr.o)
    0x00015be4   0x00015be4   0x00000011   Data   RO         3580    .constdata          c_pu.l(__printf_flags_ss_wp.o)
    0x00015bf5   0x00015bf5   0x00000026   Data   RO         4428    .constdata          c_pu.l(_printf_fp_hex.o)
    0x00015c1b   0x00015c1b   0x00000001   PAD
    0x00015c1c   0x00015c1c   0x00000094   Data   RO         4701    .constdata          c_pu.l(bigflt0.o)
    0x00015cb0   0x00015cb0   0x00000018   Data   RO           63    .rodata..L__const.UART_Open.u32ClkTbl  uart.o
    0x00015cc8   0x00015cc8   0x00000021   Data   RO         1877    .rodata._ZNSt3__214__num_get_base5__srcE  libcpp_pnu.l(locale.cpp.o)
    0x00015ce9   0x00015ce9   0x00000003   PAD
    0x00015cec   0x00015cec   0x0000000c   Data   RO         4086    .rodata._ZTIN10__cxxabiv116__shim_type_infoE  libcppabi_pnu.l(private_typeinfo.cpp.o)
    0x00015cf8   0x00015cf8   0x0000000c   Data   RO         4088    .rodata._ZTIN10__cxxabiv117__class_type_infoE  libcppabi_pnu.l(private_typeinfo.cpp.o)
    0x00015d04   0x00015d04   0x0000000c   Data   RO         4263    .rodata._ZTIN10__cxxabiv120__si_class_type_infoE  libcppabi_pnu.l(private_typeinfo.cpp.o)
    0x00015d10   0x00015d10   0x0000000c   Data   RO         4266    .rodata._ZTIN10__cxxabiv121__vmi_class_type_infoE  libcppabi_pnu.l(private_typeinfo.cpp.o)
    0x00015d1c   0x00015d1c   0x0000000c   Data   RO         1222    .rodata._ZTINSt3__210__stdinbufIcEE  libcpp_pnu.l(iostream.cpp.o)
    0x00015d28   0x00015d28   0x0000000c   Data   RO         1228    .rodata._ZTINSt3__210__stdinbufIwEE  libcpp_pnu.l(iostream.cpp.o)
    0x00015d34   0x00015d34   0x00000008   Data   RO         2962    .rodata._ZTINSt3__210__time_putE  libcpp_pnu.l(locale.cpp.o)
    0x00015d3c   0x00015d3c   0x00000008   Data   RO         2902    .rodata._ZTINSt3__210ctype_baseE  libcpp_pnu.l(locale.cpp.o)
    0x00015d44   0x00015d44   0x00000008   Data   RO         2976    .rodata._ZTINSt3__210money_baseE  libcpp_pnu.l(locale.cpp.o)
    0x00015d4c   0x00015d4c   0x00000020   Data   RO         2977    .rodata._ZTINSt3__210moneypunctIcLb0EEE  libcpp_pnu.l(locale.cpp.o)
    0x00015d6c   0x00015d6c   0x00000020   Data   RO         2980    .rodata._ZTINSt3__210moneypunctIcLb1EEE  libcpp_pnu.l(locale.cpp.o)
    0x00015d8c   0x00015d8c   0x00000020   Data   RO         2983    .rodata._ZTINSt3__210moneypunctIwLb0EEE  libcpp_pnu.l(locale.cpp.o)
    0x00015dac   0x00015dac   0x00000020   Data   RO         2986    .rodata._ZTINSt3__210moneypunctIwLb1EEE  libcpp_pnu.l(locale.cpp.o)
    0x00015dcc   0x00015dcc   0x00000008   Data   RO         3002    .rodata._ZTINSt3__211__money_getIcEE  libcpp_pnu.l(locale.cpp.o)
    0x00015dd4   0x00015dd4   0x00000008   Data   RO         3007    .rodata._ZTINSt3__211__money_getIwEE  libcpp_pnu.l(locale.cpp.o)
    0x00015ddc   0x00015ddc   0x00000008   Data   RO         3012    .rodata._ZTINSt3__211__money_putIcEE  libcpp_pnu.l(locale.cpp.o)
    0x00015de4   0x00015de4   0x00000008   Data   RO         3017    .rodata._ZTINSt3__211__money_putIwEE  libcpp_pnu.l(locale.cpp.o)
    0x00015dec   0x00015dec   0x0000000c   Data   RO         1225    .rodata._ZTINSt3__211__stdoutbufIcEE  libcpp_pnu.l(iostream.cpp.o)
    0x00015df8   0x00015df8   0x0000000c   Data   RO         1231    .rodata._ZTINSt3__211__stdoutbufIwEE  libcpp_pnu.l(iostream.cpp.o)
    0x00015e04   0x00015e04   0x00000008   Data   RO         2904    .rodata._ZTINSt3__212codecvt_baseE  libcpp_pnu.l(locale.cpp.o)
    0x00015e0c   0x00015e0c   0x00000018   Data   RO         1087    .rodata._ZTINSt3__213basic_istreamIcNS_11char_traitsIcEEEE  libcpp_pnu.l(ios.instantiations.cpp.o)
    0x00015e24   0x00015e24   0x00000018   Data   RO         1100    .rodata._ZTINSt3__213basic_istreamIwNS_11char_traitsIwEEEE  libcpp_pnu.l(ios.instantiations.cpp.o)
    0x00015e3c   0x00015e3c   0x00000018   Data   RO         1089    .rodata._ZTINSt3__213basic_ostreamIcNS_11char_traitsIcEEEE  libcpp_pnu.l(ios.instantiations.cpp.o)
    0x00015e54   0x00015e54   0x00000018   Data   RO         1102    .rodata._ZTINSt3__213basic_ostreamIwNS_11char_traitsIwEEEE  libcpp_pnu.l(ios.instantiations.cpp.o)
    0x00015e6c   0x00015e6c   0x00000008   Data   RO         3022    .rodata._ZTINSt3__213messages_baseE  libcpp_pnu.l(locale.cpp.o)
    0x00015e74   0x00015e74   0x00000008   Data   RO         2915    .rodata._ZTINSt3__214__num_get_baseE  libcpp_pnu.l(locale.cpp.o)
    0x00015e7c   0x00015e7c   0x00000008   Data   RO         2927    .rodata._ZTINSt3__214__num_put_baseE  libcpp_pnu.l(locale.cpp.o)
    0x00015e84   0x00015e84   0x00000008   Data   RO         3866    .rodata._ZTINSt3__214__shared_countE  libcpp_pnu.l(memory.cpp.o)
    0x00015e8c   0x00015e8c   0x00000008   Data   RO         1085    .rodata._ZTINSt3__215basic_streambufIcNS_11char_traitsIcEEEE  libcpp_pnu.l(ios.instantiations.cpp.o)
    0x00015e94   0x00015e94   0x00000008   Data   RO         1098    .rodata._ZTINSt3__215basic_streambufIwNS_11char_traitsIwEEEE  libcpp_pnu.l(ios.instantiations.cpp.o)
    0x00015e9c   0x00015e9c   0x00000008   Data   RO         2940    .rodata._ZTINSt3__220__time_get_c_storageIcEE  libcpp_pnu.l(locale.cpp.o)
    0x00015ea4   0x00015ea4   0x00000008   Data   RO         2945    .rodata._ZTINSt3__220__time_get_c_storageIwEE  libcpp_pnu.l(locale.cpp.o)
    0x00015eac   0x00015eac   0x00000020   Data   RO         2039    .rodata._ZTINSt3__25ctypeIcEE  libcpp_pnu.l(locale.cpp.o)
    0x00015ecc   0x00015ecc   0x00000020   Data   RO         1966    .rodata._ZTINSt3__25ctypeIwEE  libcpp_pnu.l(locale.cpp.o)
    0x00015eec   0x00015eec   0x0000000c   Data   RO         2033    .rodata._ZTINSt3__26locale5__impE  libcpp_pnu.l(locale.cpp.o)
    0x00015ef8   0x00015ef8   0x0000000c   Data   RO         1963    .rodata._ZTINSt3__26locale5facetE  libcpp_pnu.l(locale.cpp.o)
    0x00015f04   0x00015f04   0x00000020   Data   RO         1981    .rodata._ZTINSt3__27codecvtIDiDuSt11__mbstate_tEE  libcpp_pnu.l(locale.cpp.o)
    0x00015f24   0x00015f24   0x00000020   Data   RO         1978    .rodata._ZTINSt3__27codecvtIDicSt11__mbstate_tEE  libcpp_pnu.l(locale.cpp.o)
    0x00015f44   0x00015f44   0x00000020   Data   RO         1975    .rodata._ZTINSt3__27codecvtIDsDuSt11__mbstate_tEE  libcpp_pnu.l(locale.cpp.o)
    0x00015f64   0x00015f64   0x00000020   Data   RO         1972    .rodata._ZTINSt3__27codecvtIDscSt11__mbstate_tEE  libcpp_pnu.l(locale.cpp.o)
    0x00015f84   0x00015f84   0x00000020   Data   RO         1969    .rodata._ZTINSt3__27codecvtIccSt11__mbstate_tEE  libcpp_pnu.l(locale.cpp.o)
    0x00015fa4   0x00015fa4   0x00000020   Data   RO         1997    .rodata._ZTINSt3__27codecvtIwcSt11__mbstate_tEE  libcpp_pnu.l(locale.cpp.o)
    0x00015fc4   0x00015fc4   0x0000000c   Data   RO         2906    .rodata._ZTINSt3__27collateIcEE  libcpp_pnu.l(locale.cpp.o)
    0x00015fd0   0x00015fd0   0x0000000c   Data   RO         2908    .rodata._ZTINSt3__27collateIwEE  libcpp_pnu.l(locale.cpp.o)
    0x00015fdc   0x00015fdc   0x00000020   Data   RO         2917    .rodata._ZTINSt3__27num_getIcNS_19istreambuf_iteratorIcNS_11char_traitsIcEEEEEE  libcpp_pnu.l(locale.cpp.o)
    0x00015ffc   0x00015ffc   0x00000020   Data   RO         2922    .rodata._ZTINSt3__27num_getIwNS_19istreambuf_iteratorIwNS_11char_traitsIwEEEEEE  libcpp_pnu.l(locale.cpp.o)
    0x0001601c   0x0001601c   0x00000020   Data   RO         2929    .rodata._ZTINSt3__27num_putIcNS_19ostreambuf_iteratorIcNS_11char_traitsIcEEEEEE  libcpp_pnu.l(locale.cpp.o)
    0x0001603c   0x0001603c   0x00000020   Data   RO         2934    .rodata._ZTINSt3__27num_putIwNS_19ostreambuf_iteratorIwNS_11char_traitsIwEEEEEE  libcpp_pnu.l(locale.cpp.o)
    0x0001605c   0x0001605c   0x00000008   Data   RO          537    .rodata._ZTINSt3__28ios_baseE  libcpp_pnu.l(ios.cpp.o)
    0x00016064   0x00016064   0x00000020   Data   RO         3023    .rodata._ZTINSt3__28messagesIcEE  libcpp_pnu.l(locale.cpp.o)
    0x00016084   0x00016084   0x00000020   Data   RO         3026    .rodata._ZTINSt3__28messagesIwEE  libcpp_pnu.l(locale.cpp.o)
    0x000160a4   0x000160a4   0x0000000c   Data   RO         2045    .rodata._ZTINSt3__28numpunctIcEE  libcpp_pnu.l(locale.cpp.o)
    0x000160b0   0x000160b0   0x0000000c   Data   RO         2047    .rodata._ZTINSt3__28numpunctIwEE  libcpp_pnu.l(locale.cpp.o)
    0x000160bc   0x000160bc   0x00000028   Data   RO         2941    .rodata._ZTINSt3__28time_getIcNS_19istreambuf_iteratorIcNS_11char_traitsIcEEEEEE  libcpp_pnu.l(locale.cpp.o)
    0x000160e4   0x000160e4   0x00000028   Data   RO         2946    .rodata._ZTINSt3__28time_getIwNS_19istreambuf_iteratorIwNS_11char_traitsIwEEEEEE  libcpp_pnu.l(locale.cpp.o)
    0x0001610c   0x0001610c   0x00000020   Data   RO         2963    .rodata._ZTINSt3__28time_putIcNS_19ostreambuf_iteratorIcNS_11char_traitsIcEEEEEE  libcpp_pnu.l(locale.cpp.o)
    0x0001612c   0x0001612c   0x00000020   Data   RO         2966    .rodata._ZTINSt3__28time_putIwNS_19ostreambuf_iteratorIwNS_11char_traitsIwEEEEEE  libcpp_pnu.l(locale.cpp.o)
    0x0001614c   0x0001614c   0x00000018   Data   RO         2916    .rodata._ZTINSt3__29__num_getIcEE  libcpp_pnu.l(locale.cpp.o)
    0x00016164   0x00016164   0x00000018   Data   RO         2921    .rodata._ZTINSt3__29__num_getIwEE  libcpp_pnu.l(locale.cpp.o)
    0x0001617c   0x0001617c   0x00000018   Data   RO         2928    .rodata._ZTINSt3__29__num_putIcEE  libcpp_pnu.l(locale.cpp.o)
    0x00016194   0x00016194   0x00000018   Data   RO         2933    .rodata._ZTINSt3__29__num_putIwEE  libcpp_pnu.l(locale.cpp.o)
    0x000161ac   0x000161ac   0x0000000c   Data   RO         1083    .rodata._ZTINSt3__29basic_iosIcNS_11char_traitsIcEEEE  libcpp_pnu.l(ios.instantiations.cpp.o)
    0x000161b8   0x000161b8   0x0000000c   Data   RO         1096    .rodata._ZTINSt3__29basic_iosIwNS_11char_traitsIwEEEE  libcpp_pnu.l(ios.instantiations.cpp.o)
    0x000161c4   0x000161c4   0x00000020   Data   RO         3003    .rodata._ZTINSt3__29money_getIcNS_19istreambuf_iteratorIcNS_11char_traitsIcEEEEEE  libcpp_pnu.l(locale.cpp.o)
    0x000161e4   0x000161e4   0x00000020   Data   RO         3008    .rodata._ZTINSt3__29money_getIwNS_19istreambuf_iteratorIwNS_11char_traitsIwEEEEEE  libcpp_pnu.l(locale.cpp.o)
    0x00016204   0x00016204   0x00000020   Data   RO         3013    .rodata._ZTINSt3__29money_putIcNS_19ostreambuf_iteratorIcNS_11char_traitsIcEEEEEE  libcpp_pnu.l(locale.cpp.o)
    0x00016224   0x00016224   0x00000020   Data   RO         3018    .rodata._ZTINSt3__29money_putIwNS_19ostreambuf_iteratorIwNS_11char_traitsIwEEEEEE  libcpp_pnu.l(locale.cpp.o)
    0x00016244   0x00016244   0x00000008   Data   RO         2938    .rodata._ZTINSt3__29time_baseE  libcpp_pnu.l(locale.cpp.o)
    0x0001624c   0x0001624c   0x00000008   Data   RO         4651    .rodata._ZTISt9type_info  libcppabi_pnu.l(stdlib_typeinfo.cpp.o)
    0x00016254   0x00016254   0x00000021   Data   RO         4085    .rodata._ZTSN10__cxxabiv116__shim_type_infoE  libcppabi_pnu.l(private_typeinfo.cpp.o)
    0x00016275   0x00016275   0x00000022   Data   RO         4087    .rodata._ZTSN10__cxxabiv117__class_type_infoE  libcppabi_pnu.l(private_typeinfo.cpp.o)
    0x00016297   0x00016297   0x00000025   Data   RO         4262    .rodata._ZTSN10__cxxabiv120__si_class_type_infoE  libcppabi_pnu.l(private_typeinfo.cpp.o)
    0x000162bc   0x000162bc   0x00000026   Data   RO         4265    .rodata._ZTSN10__cxxabiv121__vmi_class_type_infoE  libcppabi_pnu.l(private_typeinfo.cpp.o)
    0x000162e2   0x000162e2   0x00000018   Data   RO         1221    .rodata._ZTSNSt3__210__stdinbufIcEE  libcpp_pnu.l(iostream.cpp.o)
    0x000162fa   0x000162fa   0x00000018   Data   RO         1227    .rodata._ZTSNSt3__210__stdinbufIwEE  libcpp_pnu.l(iostream.cpp.o)
    0x00016312   0x00016312   0x00000015   Data   RO         2961    .rodata._ZTSNSt3__210__time_putE  libcpp_pnu.l(locale.cpp.o)
    0x00016327   0x00016327   0x00000015   Data   RO         2901    .rodata._ZTSNSt3__210ctype_baseE  libcpp_pnu.l(locale.cpp.o)
    0x0001633c   0x0001633c   0x00000015   Data   RO         2975    .rodata._ZTSNSt3__210money_baseE  libcpp_pnu.l(locale.cpp.o)
    0x00016351   0x00016351   0x0000001c   Data   RO         2974    .rodata._ZTSNSt3__210moneypunctIcLb0EEE  libcpp_pnu.l(locale.cpp.o)
    0x0001636d   0x0001636d   0x0000001c   Data   RO         2979    .rodata._ZTSNSt3__210moneypunctIcLb1EEE  libcpp_pnu.l(locale.cpp.o)
    0x00016389   0x00016389   0x0000001c   Data   RO         2982    .rodata._ZTSNSt3__210moneypunctIwLb0EEE  libcpp_pnu.l(locale.cpp.o)
    0x000163a5   0x000163a5   0x0000001c   Data   RO         2985    .rodata._ZTSNSt3__210moneypunctIwLb1EEE  libcpp_pnu.l(locale.cpp.o)
    0x000163c1   0x000163c1   0x00000019   Data   RO         3001    .rodata._ZTSNSt3__211__money_getIcEE  libcpp_pnu.l(locale.cpp.o)
    0x000163da   0x000163da   0x00000019   Data   RO         3006    .rodata._ZTSNSt3__211__money_getIwEE  libcpp_pnu.l(locale.cpp.o)
    0x000163f3   0x000163f3   0x00000019   Data   RO         3011    .rodata._ZTSNSt3__211__money_putIcEE  libcpp_pnu.l(locale.cpp.o)
    0x0001640c   0x0001640c   0x00000019   Data   RO         3016    .rodata._ZTSNSt3__211__money_putIwEE  libcpp_pnu.l(locale.cpp.o)
    0x00016425   0x00016425   0x00000019   Data   RO         1224    .rodata._ZTSNSt3__211__stdoutbufIcEE  libcpp_pnu.l(iostream.cpp.o)
    0x0001643e   0x0001643e   0x00000019   Data   RO         1230    .rodata._ZTSNSt3__211__stdoutbufIwEE  libcpp_pnu.l(iostream.cpp.o)
    0x00016457   0x00016457   0x00000017   Data   RO         2903    .rodata._ZTSNSt3__212codecvt_baseE  libcpp_pnu.l(locale.cpp.o)
    0x0001646e   0x0001646e   0x0000002f   Data   RO         1086    .rodata._ZTSNSt3__213basic_istreamIcNS_11char_traitsIcEEEE  libcpp_pnu.l(ios.instantiations.cpp.o)
    0x0001649d   0x0001649d   0x0000002f   Data   RO         1099    .rodata._ZTSNSt3__213basic_istreamIwNS_11char_traitsIwEEEE  libcpp_pnu.l(ios.instantiations.cpp.o)
    0x000164cc   0x000164cc   0x0000002f   Data   RO         1088    .rodata._ZTSNSt3__213basic_ostreamIcNS_11char_traitsIcEEEE  libcpp_pnu.l(ios.instantiations.cpp.o)
    0x000164fb   0x000164fb   0x0000002f   Data   RO         1101    .rodata._ZTSNSt3__213basic_ostreamIwNS_11char_traitsIwEEEE  libcpp_pnu.l(ios.instantiations.cpp.o)
    0x0001652a   0x0001652a   0x00000018   Data   RO         3021    .rodata._ZTSNSt3__213messages_baseE  libcpp_pnu.l(locale.cpp.o)
    0x00016542   0x00016542   0x00000019   Data   RO         2914    .rodata._ZTSNSt3__214__num_get_baseE  libcpp_pnu.l(locale.cpp.o)
    0x0001655b   0x0001655b   0x00000019   Data   RO         2926    .rodata._ZTSNSt3__214__num_put_baseE  libcpp_pnu.l(locale.cpp.o)
    0x00016574   0x00016574   0x00000019   Data   RO         3865    .rodata._ZTSNSt3__214__shared_countE  libcpp_pnu.l(memory.cpp.o)
    0x0001658d   0x0001658d   0x00000031   Data   RO         1084    .rodata._ZTSNSt3__215basic_streambufIcNS_11char_traitsIcEEEE  libcpp_pnu.l(ios.instantiations.cpp.o)
    0x000165be   0x000165be   0x00000031   Data   RO         1097    .rodata._ZTSNSt3__215basic_streambufIwNS_11char_traitsIwEEEE  libcpp_pnu.l(ios.instantiations.cpp.o)
    0x000165ef   0x000165ef   0x00000022   Data   RO         2939    .rodata._ZTSNSt3__220__time_get_c_storageIcEE  libcpp_pnu.l(locale.cpp.o)
    0x00016611   0x00016611   0x00000022   Data   RO         2944    .rodata._ZTSNSt3__220__time_get_c_storageIwEE  libcpp_pnu.l(locale.cpp.o)
    0x00016633   0x00016633   0x00000012   Data   RO         2038    .rodata._ZTSNSt3__25ctypeIcEE  libcpp_pnu.l(locale.cpp.o)
    0x00016645   0x00016645   0x00000012   Data   RO         1965    .rodata._ZTSNSt3__25ctypeIwEE  libcpp_pnu.l(locale.cpp.o)
    0x00016657   0x00016657   0x00000016   Data   RO         2032    .rodata._ZTSNSt3__26locale5__impE  libcpp_pnu.l(locale.cpp.o)
    0x0001666d   0x0001666d   0x00000016   Data   RO         1962    .rodata._ZTSNSt3__26locale5facetE  libcpp_pnu.l(locale.cpp.o)
    0x00016683   0x00016683   0x00000026   Data   RO         1980    .rodata._ZTSNSt3__27codecvtIDiDuSt11__mbstate_tEE  libcpp_pnu.l(locale.cpp.o)
    0x000166a9   0x000166a9   0x00000025   Data   RO         1977    .rodata._ZTSNSt3__27codecvtIDicSt11__mbstate_tEE  libcpp_pnu.l(locale.cpp.o)
    0x000166ce   0x000166ce   0x00000026   Data   RO         1974    .rodata._ZTSNSt3__27codecvtIDsDuSt11__mbstate_tEE  libcpp_pnu.l(locale.cpp.o)
    0x000166f4   0x000166f4   0x00000025   Data   RO         1971    .rodata._ZTSNSt3__27codecvtIDscSt11__mbstate_tEE  libcpp_pnu.l(locale.cpp.o)
    0x00016719   0x00016719   0x00000024   Data   RO         1968    .rodata._ZTSNSt3__27codecvtIccSt11__mbstate_tEE  libcpp_pnu.l(locale.cpp.o)
    0x0001673d   0x0001673d   0x00000024   Data   RO         1996    .rodata._ZTSNSt3__27codecvtIwcSt11__mbstate_tEE  libcpp_pnu.l(locale.cpp.o)
    0x00016761   0x00016761   0x00000014   Data   RO         2905    .rodata._ZTSNSt3__27collateIcEE  libcpp_pnu.l(locale.cpp.o)
    0x00016775   0x00016775   0x00000014   Data   RO         2907    .rodata._ZTSNSt3__27collateIwEE  libcpp_pnu.l(locale.cpp.o)
    0x00016789   0x00016789   0x00000044   Data   RO         2912    .rodata._ZTSNSt3__27num_getIcNS_19istreambuf_iteratorIcNS_11char_traitsIcEEEEEE  libcpp_pnu.l(locale.cpp.o)
    0x000167cd   0x000167cd   0x00000044   Data   RO         2919    .rodata._ZTSNSt3__27num_getIwNS_19istreambuf_iteratorIwNS_11char_traitsIwEEEEEE  libcpp_pnu.l(locale.cpp.o)
    0x00016811   0x00016811   0x00000044   Data   RO         2924    .rodata._ZTSNSt3__27num_putIcNS_19ostreambuf_iteratorIcNS_11char_traitsIcEEEEEE  libcpp_pnu.l(locale.cpp.o)
    0x00016855   0x00016855   0x00000044   Data   RO         2931    .rodata._ZTSNSt3__27num_putIwNS_19ostreambuf_iteratorIwNS_11char_traitsIwEEEEEE  libcpp_pnu.l(locale.cpp.o)
    0x00016899   0x00016899   0x00000012   Data   RO          536    .rodata._ZTSNSt3__28ios_baseE  libcpp_pnu.l(ios.cpp.o)
    0x000168ab   0x000168ab   0x00000015   Data   RO         3020    .rodata._ZTSNSt3__28messagesIcEE  libcpp_pnu.l(locale.cpp.o)
    0x000168c0   0x000168c0   0x00000015   Data   RO         3025    .rodata._ZTSNSt3__28messagesIwEE  libcpp_pnu.l(locale.cpp.o)
    0x000168d5   0x000168d5   0x00000015   Data   RO         2044    .rodata._ZTSNSt3__28numpunctIcEE  libcpp_pnu.l(locale.cpp.o)
    0x000168ea   0x000168ea   0x00000015   Data   RO         2046    .rodata._ZTSNSt3__28numpunctIwEE  libcpp_pnu.l(locale.cpp.o)
    0x000168ff   0x000168ff   0x00000045   Data   RO         2936    .rodata._ZTSNSt3__28time_getIcNS_19istreambuf_iteratorIcNS_11char_traitsIcEEEEEE  libcpp_pnu.l(locale.cpp.o)
    0x00016944   0x00016944   0x00000045   Data   RO         2943    .rodata._ZTSNSt3__28time_getIwNS_19istreambuf_iteratorIwNS_11char_traitsIwEEEEEE  libcpp_pnu.l(locale.cpp.o)
    0x00016989   0x00016989   0x00000045   Data   RO         2960    .rodata._ZTSNSt3__28time_putIcNS_19ostreambuf_iteratorIcNS_11char_traitsIcEEEEEE  libcpp_pnu.l(locale.cpp.o)
    0x000169ce   0x000169ce   0x00000045   Data   RO         2965    .rodata._ZTSNSt3__28time_putIwNS_19ostreambuf_iteratorIwNS_11char_traitsIwEEEEEE  libcpp_pnu.l(locale.cpp.o)
    0x00016a13   0x00016a13   0x00000016   Data   RO         2913    .rodata._ZTSNSt3__29__num_getIcEE  libcpp_pnu.l(locale.cpp.o)
    0x00016a29   0x00016a29   0x00000016   Data   RO         2920    .rodata._ZTSNSt3__29__num_getIwEE  libcpp_pnu.l(locale.cpp.o)
    0x00016a3f   0x00016a3f   0x00000016   Data   RO         2925    .rodata._ZTSNSt3__29__num_putIcEE  libcpp_pnu.l(locale.cpp.o)
    0x00016a55   0x00016a55   0x00000016   Data   RO         2932    .rodata._ZTSNSt3__29__num_putIwEE  libcpp_pnu.l(locale.cpp.o)
    0x00016a6b   0x00016a6b   0x0000002a   Data   RO         1082    .rodata._ZTSNSt3__29basic_iosIcNS_11char_traitsIcEEEE  libcpp_pnu.l(ios.instantiations.cpp.o)
    0x00016a95   0x00016a95   0x0000002a   Data   RO         1095    .rodata._ZTSNSt3__29basic_iosIwNS_11char_traitsIwEEEE  libcpp_pnu.l(ios.instantiations.cpp.o)
    0x00016abf   0x00016abf   0x00000046   Data   RO         3000    .rodata._ZTSNSt3__29money_getIcNS_19istreambuf_iteratorIcNS_11char_traitsIcEEEEEE  libcpp_pnu.l(locale.cpp.o)
    0x00016b05   0x00016b05   0x00000046   Data   RO         3005    .rodata._ZTSNSt3__29money_getIwNS_19istreambuf_iteratorIwNS_11char_traitsIwEEEEEE  libcpp_pnu.l(locale.cpp.o)
    0x00016b4b   0x00016b4b   0x00000046   Data   RO         3010    .rodata._ZTSNSt3__29money_putIcNS_19ostreambuf_iteratorIcNS_11char_traitsIcEEEEEE  libcpp_pnu.l(locale.cpp.o)
    0x00016b91   0x00016b91   0x00000046   Data   RO         3015    .rodata._ZTSNSt3__29money_putIwNS_19ostreambuf_iteratorIwNS_11char_traitsIwEEEEEE  libcpp_pnu.l(locale.cpp.o)
    0x00016bd7   0x00016bd7   0x00000013   Data   RO         2937    .rodata._ZTSNSt3__29time_baseE  libcpp_pnu.l(locale.cpp.o)
    0x00016bea   0x00016bea   0x0000000d   Data   RO         4650    .rodata._ZTSSt9type_info  libcppabi_pnu.l(stdlib_typeinfo.cpp.o)
    0x00016bf7   0x00016bf7   0x00000001   PAD
    0x00016bf8   0x00016bf8   0x00000028   Data   RO         4260    .rodata._ZTVN10__cxxabiv117__class_type_infoE  libcppabi_pnu.l(private_typeinfo.cpp.o)
    0x00016c20   0x00016c20   0x00000028   Data   RO         4261    .rodata._ZTVN10__cxxabiv120__si_class_type_infoE  libcppabi_pnu.l(private_typeinfo.cpp.o)
    0x00016c48   0x00016c48   0x00000028   Data   RO         4264    .rodata._ZTVN10__cxxabiv121__vmi_class_type_infoE  libcppabi_pnu.l(private_typeinfo.cpp.o)
    0x00016c70   0x00016c70   0x00000010   Data   RO          297    .rodata._ZTVN2TS4TaskE  main.o
    0x00016c80   0x00016c80   0x00000040   Data   RO         1220    .rodata._ZTVNSt3__210__stdinbufIcEE  libcpp_pnu.l(iostream.cpp.o)
    0x00016cc0   0x00016cc0   0x00000040   Data   RO         1226    .rodata._ZTVNSt3__210__stdinbufIwEE  libcpp_pnu.l(iostream.cpp.o)
    0x00016d00   0x00016d00   0x00000038   Data   RO         2973    .rodata._ZTVNSt3__210moneypunctIcLb0EEE  libcpp_pnu.l(locale.cpp.o)
    0x00016d38   0x00016d38   0x00000038   Data   RO         2978    .rodata._ZTVNSt3__210moneypunctIcLb1EEE  libcpp_pnu.l(locale.cpp.o)
    0x00016d70   0x00016d70   0x00000038   Data   RO         2981    .rodata._ZTVNSt3__210moneypunctIwLb0EEE  libcpp_pnu.l(locale.cpp.o)
    0x00016da8   0x00016da8   0x00000038   Data   RO         2984    .rodata._ZTVNSt3__210moneypunctIwLb1EEE  libcpp_pnu.l(locale.cpp.o)
    0x00016de0   0x00016de0   0x00000040   Data   RO         1223    .rodata._ZTVNSt3__211__stdoutbufIcEE  libcpp_pnu.l(iostream.cpp.o)
    0x00016e20   0x00016e20   0x00000040   Data   RO         1229    .rodata._ZTVNSt3__211__stdoutbufIwEE  libcpp_pnu.l(iostream.cpp.o)
    0x00016e60   0x00016e60   0x00000028   Data   RO         1068    .rodata._ZTVNSt3__213basic_istreamIcNS_11char_traitsIcEEEE  libcpp_pnu.l(ios.instantiations.cpp.o)
    0x00016e88   0x00016e88   0x00000028   Data   RO         1075    .rodata._ZTVNSt3__213basic_istreamIwNS_11char_traitsIwEEEE  libcpp_pnu.l(ios.instantiations.cpp.o)
    0x00016eb0   0x00016eb0   0x00000028   Data   RO         1070    .rodata._ZTVNSt3__213basic_ostreamIcNS_11char_traitsIcEEEE  libcpp_pnu.l(ios.instantiations.cpp.o)
    0x00016ed8   0x00016ed8   0x00000028   Data   RO         1077    .rodata._ZTVNSt3__213basic_ostreamIwNS_11char_traitsIwEEEE  libcpp_pnu.l(ios.instantiations.cpp.o)
    0x00016f00   0x00016f00   0x00000040   Data   RO         1067    .rodata._ZTVNSt3__215basic_streambufIcNS_11char_traitsIcEEEE  libcpp_pnu.l(ios.instantiations.cpp.o)
    0x00016f40   0x00016f40   0x00000040   Data   RO         1074    .rodata._ZTVNSt3__215basic_streambufIwNS_11char_traitsIwEEEE  libcpp_pnu.l(ios.instantiations.cpp.o)
    0x00016f80   0x00016f80   0x00000034   Data   RO         1915    .rodata._ZTVNSt3__25ctypeIcEE  libcpp_pnu.l(locale.cpp.o)
    0x00016fb4   0x00016fb4   0x00000044   Data   RO         1964    .rodata._ZTVNSt3__25ctypeIwEE  libcpp_pnu.l(locale.cpp.o)
    0x00016ff8   0x00016ff8   0x00000014   Data   RO         1891    .rodata._ZTVNSt3__26locale5__impE  libcpp_pnu.l(locale.cpp.o)
    0x0001700c   0x0001700c   0x00000014   Data   RO         1961    .rodata._ZTVNSt3__26locale5facetE  libcpp_pnu.l(locale.cpp.o)
    0x00017020   0x00017020   0x00000030   Data   RO         1979    .rodata._ZTVNSt3__27codecvtIDiDuSt11__mbstate_tEE  libcpp_pnu.l(locale.cpp.o)
    0x00017050   0x00017050   0x00000030   Data   RO         1976    .rodata._ZTVNSt3__27codecvtIDicSt11__mbstate_tEE  libcpp_pnu.l(locale.cpp.o)
    0x00017080   0x00017080   0x00000030   Data   RO         1973    .rodata._ZTVNSt3__27codecvtIDsDuSt11__mbstate_tEE  libcpp_pnu.l(locale.cpp.o)
    0x000170b0   0x000170b0   0x00000030   Data   RO         1970    .rodata._ZTVNSt3__27codecvtIDscSt11__mbstate_tEE  libcpp_pnu.l(locale.cpp.o)
    0x000170e0   0x000170e0   0x00000030   Data   RO         1967    .rodata._ZTVNSt3__27codecvtIccSt11__mbstate_tEE  libcpp_pnu.l(locale.cpp.o)
    0x00017110   0x00017110   0x00000030   Data   RO         1921    .rodata._ZTVNSt3__27codecvtIwcSt11__mbstate_tEE  libcpp_pnu.l(locale.cpp.o)
    0x00017140   0x00017140   0x00000020   Data   RO         2909    .rodata._ZTVNSt3__27collateIcEE  libcpp_pnu.l(locale.cpp.o)
    0x00017160   0x00017160   0x00000020   Data   RO         2910    .rodata._ZTVNSt3__27collateIwEE  libcpp_pnu.l(locale.cpp.o)
    0x00017180   0x00017180   0x00000040   Data   RO         2911    .rodata._ZTVNSt3__27num_getIcNS_19istreambuf_iteratorIcNS_11char_traitsIcEEEEEE  libcpp_pnu.l(locale.cpp.o)
    0x000171c0   0x000171c0   0x00000040   Data   RO         2918    .rodata._ZTVNSt3__27num_getIwNS_19istreambuf_iteratorIwNS_11char_traitsIwEEEEEE  libcpp_pnu.l(locale.cpp.o)
    0x00017200   0x00017200   0x00000034   Data   RO         2923    .rodata._ZTVNSt3__27num_putIcNS_19ostreambuf_iteratorIcNS_11char_traitsIcEEEEEE  libcpp_pnu.l(locale.cpp.o)
    0x00017234   0x00017234   0x00000034   Data   RO         2930    .rodata._ZTVNSt3__27num_putIwNS_19ostreambuf_iteratorIwNS_11char_traitsIwEEEEEE  libcpp_pnu.l(locale.cpp.o)
    0x00017268   0x00017268   0x00000010   Data   RO          534    .rodata._ZTVNSt3__28ios_baseE  libcpp_pnu.l(ios.cpp.o)
    0x00017278   0x00017278   0x00000020   Data   RO         3019    .rodata._ZTVNSt3__28messagesIcEE  libcpp_pnu.l(locale.cpp.o)
    0x00017298   0x00017298   0x00000020   Data   RO         3024    .rodata._ZTVNSt3__28messagesIwEE  libcpp_pnu.l(locale.cpp.o)
    0x000172b8   0x000172b8   0x00000028   Data   RO         1928    .rodata._ZTVNSt3__28numpunctIcEE  libcpp_pnu.l(locale.cpp.o)
    0x000172e0   0x000172e0   0x00000028   Data   RO         1929    .rodata._ZTVNSt3__28numpunctIwEE  libcpp_pnu.l(locale.cpp.o)
    0x00017308   0x00017308   0x00000054   Data   RO         2935    .rodata._ZTVNSt3__28time_getIcNS_19istreambuf_iteratorIcNS_11char_traitsIcEEEEEE  libcpp_pnu.l(locale.cpp.o)
    0x0001735c   0x0001735c   0x00000054   Data   RO         2942    .rodata._ZTVNSt3__28time_getIwNS_19istreambuf_iteratorIwNS_11char_traitsIwEEEEEE  libcpp_pnu.l(locale.cpp.o)
    0x000173b0   0x000173b0   0x00000018   Data   RO         2959    .rodata._ZTVNSt3__28time_putIcNS_19ostreambuf_iteratorIcNS_11char_traitsIcEEEEEE  libcpp_pnu.l(locale.cpp.o)
    0x000173c8   0x000173c8   0x00000018   Data   RO         2964    .rodata._ZTVNSt3__28time_putIwNS_19ostreambuf_iteratorIwNS_11char_traitsIwEEEEEE  libcpp_pnu.l(locale.cpp.o)
    0x000173e0   0x000173e0   0x0000001c   Data   RO         2999    .rodata._ZTVNSt3__29money_getIcNS_19istreambuf_iteratorIcNS_11char_traitsIcEEEEEE  libcpp_pnu.l(locale.cpp.o)
    0x000173fc   0x000173fc   0x0000001c   Data   RO         3004    .rodata._ZTVNSt3__29money_getIwNS_19istreambuf_iteratorIwNS_11char_traitsIwEEEEEE  libcpp_pnu.l(locale.cpp.o)
    0x00017418   0x00017418   0x0000001c   Data   RO         3009    .rodata._ZTVNSt3__29money_putIcNS_19ostreambuf_iteratorIcNS_11char_traitsIcEEEEEE  libcpp_pnu.l(locale.cpp.o)
    0x00017434   0x00017434   0x0000001c   Data   RO         3014    .rodata._ZTVNSt3__29money_putIwNS_19ostreambuf_iteratorIwNS_11char_traitsIwEEEEEE  libcpp_pnu.l(locale.cpp.o)
    0x00017450   0x00017450   0x00000400   Data   RO         1916    .rodata._ZZNSt3__25ctypeIcE13classic_tableEvE13builtin_table  libcpp_pnu.l(locale.cpp.o)
    0x00017850   0x00017850   0x00000008   Data   RO          416    .rodata.__stderr_name  retarget_io.o
    0x00017858   0x00017858   0x00000007   Data   RO          414    .rodata.__stdin_name  retarget_io.o
    0x0001785f   0x0001785f   0x00000008   Data   RO          415    .rodata.__stdout_name  retarget_io.o
    0x00017867   0x00017867   0x00000001   PAD
    0x00017868   0x00017868   0x00000020   Data   RO         1880    .rodata.cst32       libcpp_pnu.l(locale.cpp.o)
    0x00017888   0x00017888   0x00000020   Data   RO           15    .rodata.gau32ClkSrcTbl  system_m031series.o
    0x000178a8   0x000178a8   0x0000003a   Data   RO          304    .rodata.str1.1      main.o
    0x000178e2   0x000178e2   0x00000017   Data   RO          417    .rodata.str1.1      retarget_io.o
    0x000178f9   0x000178f9   0x00000089   Data   RO          542    .rodata.str1.1      libcpp_pnu.l(ios.cpp.o)
    0x00017982   0x00017982   0x00000026   Data   RO         1166    .rodata.str1.1      libcpp_pnu.l(iostream.cpp.o)
    0x000179a8   0x000179a8   0x0000004a   Data   RO         1878    .rodata.str1.1      libcpp_pnu.l(locale.cpp.o)
    0x000179f2   0x000179f2   0x00000043   Data   RO         3898    .rodata.str1.1      libcpp_pnu.l(stdexcept.cpp.o)
    0x00017a35   0x00017a35   0x00000093   Data   RO         3976    .rodata.str1.1      libcppabi_pnu.l(cxa_guard.cpp.o)
    0x00017ac8   0x00017ac8   0x0000000b   Data   RO         1881    .rodata.str1.4      libcpp_pnu.l(locale.cpp.o)
    0x00017ad3   0x00017ad3   0x00000001   PAD
    0x00017ad4   0x00017ad4   0x0000027c   Data   RO         1956    .rodata.str4.4      libcpp_pnu.l(locale.cpp.o)
    0x00017d50   0x00017d50   0x00000020   Data   RO         4924    Region$$Table       anon$$obj.o
    0x00017d70   0x00017d70   0x00000008   Data   RO         4777    c$$dinf             fz_ps.l(fpconst.o)
    0x00017d78   0x00017d78   0x00000008   Data   RO         4780    c$$dmax             fz_ps.l(fpconst.o)
    0x00017d80   0x00017d80   0x00000110   Data   RO         4518    locale$$data        c_pu.l(lc_ctype_c.o)
    0x00017e90   0x00017e90   0x00000180   Data   RO         4524    locale$$data        c_pu.l(lc_time_c.o)
    0x00018010   0x00018010   0x0000001c   Data   RO         4723    locale$$data        c_pu.l(lc_numeric_c.o)
    0x0001802c   0x0001802c   0x00000004   Data   RO          305    .init_array         main.o
    0x00018030   0x0001802c   0x00000000   Data   RO          445    .init_array         c_pu.l(init_aeabi.o)


    Execution Region ER_RW (Exec base: 0x20000000, Load base: 0x00018030, Size: 0x00000030, Max: 0xffffffff, ABSOLUTE)

    Exec Addr    Load Addr    Size         Type   Attr      Idx    E Section Name        Object

    0x20000000   0x00018030   0x00000004   Data   RW         3644    .data               c_pu.l(stdio_streams.o)
    0x20000004   0x00018034   0x00000004   Data   RW         3645    .data               c_pu.l(stdio_streams.o)
    0x20000008   0x00018038   0x00000004   Data   RW         3646    .data               c_pu.l(stdio_streams.o)
    0x2000000c   0x0001803c   0x00000004   Data   RW           13    .data.CyclesPerUs   system_m031series.o
    0x20000010   0x00018040   0x00000004   Data   RW           14    .data.PllClock      system_m031series.o
    0x20000014   0x00018044   0x00000004   Data   RW           12    .data.SystemCoreClock  system_m031series.o
    0x20000018   0x00018048   0x0000000c   Data   RW         1948    .data._ZZNKSt3__220__time_get_c_storageIcE3__XEvE1s  libcpp_pnu.l(locale.cpp.o)
    0x20000024   0x00018054   0x0000000c   Data   RW         1944    .data._ZZNKSt3__220__time_get_c_storageIcE3__xEvE1s  libcpp_pnu.l(locale.cpp.o)


    Execution Region ER_ZI (Exec base: 0x20000030, Load base: 0x00018060, Size: 0x00002158, Max: 0xffffffff, ABSOLUTE)

    Exec Addr    Load Addr    Size         Type   Attr      Idx    E Section Name        Object

    0x20000030        -       0x00000054   Zero   RW         3641    .bss                c_pu.l(stdio_streams.o)
    0x20000084        -       0x00000054   Zero   RW         3642    .bss                c_pu.l(stdio_streams.o)
    0x200000d8        -       0x00000054   Zero   RW         3643    .bss                c_pu.l(stdio_streams.o)
    0x2000012c        -       0x00000060   Zero   RW         4351    .bss                c_pu.l(libspace.o)
    0x2000018c        -       0x00000004   Zero   RW         1949    .bss._ZGVZNKSt3__220__time_get_c_storageIcE3__XEvE1s  libcpp_pnu.l(locale.cpp.o)
    0x20000190        -       0x00000004   Zero   RW         1953    .bss._ZGVZNKSt3__220__time_get_c_storageIcE3__cEvE1s  libcpp_pnu.l(locale.cpp.o)
    0x20000194        -       0x00000004   Zero   RW         1958    .bss._ZGVZNKSt3__220__time_get_c_storageIcE3__rEvE1s  libcpp_pnu.l(locale.cpp.o)
    0x20000198        -       0x00000004   Zero   RW         1945    .bss._ZGVZNKSt3__220__time_get_c_storageIcE3__xEvE1s  libcpp_pnu.l(locale.cpp.o)
    0x2000019c        -       0x00000004   Zero   RW         1941    .bss._ZGVZNKSt3__220__time_get_c_storageIcE7__am_pmEvE5am_pm  libcpp_pnu.l(locale.cpp.o)
    0x200001a0        -       0x00000004   Zero   RW         1933    .bss._ZGVZNKSt3__220__time_get_c_storageIcE7__weeksEvE5weeks  libcpp_pnu.l(locale.cpp.o)
    0x200001a4        -       0x00000004   Zero   RW         1937    .bss._ZGVZNKSt3__220__time_get_c_storageIcE8__monthsEvE6months  libcpp_pnu.l(locale.cpp.o)
    0x200001a8        -       0x00000004   Zero   RW         1951    .bss._ZGVZNKSt3__220__time_get_c_storageIwE3__XEvE1s  libcpp_pnu.l(locale.cpp.o)
    0x200001ac        -       0x00000004   Zero   RW         1955    .bss._ZGVZNKSt3__220__time_get_c_storageIwE3__cEvE1s  libcpp_pnu.l(locale.cpp.o)
    0x200001b0        -       0x00000004   Zero   RW         1960    .bss._ZGVZNKSt3__220__time_get_c_storageIwE3__rEvE1s  libcpp_pnu.l(locale.cpp.o)
    0x200001b4        -       0x00000004   Zero   RW         1947    .bss._ZGVZNKSt3__220__time_get_c_storageIwE3__xEvE1s  libcpp_pnu.l(locale.cpp.o)
    0x200001b8        -       0x00000004   Zero   RW         1943    .bss._ZGVZNKSt3__220__time_get_c_storageIwE7__am_pmEvE5am_pm  libcpp_pnu.l(locale.cpp.o)
    0x200001bc        -       0x00000004   Zero   RW         1935    .bss._ZGVZNKSt3__220__time_get_c_storageIwE7__weeksEvE5weeks  libcpp_pnu.l(locale.cpp.o)
    0x200001c0        -       0x00000004   Zero   RW         1939    .bss._ZGVZNKSt3__220__time_get_c_storageIwE8__monthsEvE6months  libcpp_pnu.l(locale.cpp.o)
    0x200001c4        -       0x00000004   Zero   RW         1882    .bss._ZGVZNSt3__26__clocEvE6result  libcpp_pnu.l(locale.cpp.o)
    0x200001c8        -       0x00000004   Zero   RW         1894    .bss._ZGVZNSt3__26locale7classicEvE14classic_locale  libcpp_pnu.l(locale.cpp.o)
    0x200001cc        -       0x00000004   Zero   RW         1896    .bss._ZGVZNSt3__26locale8__globalEvE1g  libcpp_pnu.l(locale.cpp.o)
    0x200001d0        -       0x00000004   Zero   RW         1165    .bss._ZGVZNSt3__28ios_base4InitC1EvE16init_the_streams  libcpp_pnu.l(iostream.cpp.o)
    0x200001d4        -       0x00000004   Zero   RW         2061    .bss._ZGVZNSt3__2L10init_am_pmEvE5am_pm  libcpp_pnu.l(locale.cpp.o)
    0x200001d8        -       0x00000004   Zero   RW         2053    .bss._ZGVZNSt3__2L10init_weeksEvE5weeks  libcpp_pnu.l(locale.cpp.o)
    0x200001dc        -       0x00000004   Zero   RW         2057    .bss._ZGVZNSt3__2L11init_monthsEvE6months  libcpp_pnu.l(locale.cpp.o)
    0x200001e0        -       0x00000004   Zero   RW         2063    .bss._ZGVZNSt3__2L11init_wam_pmEvE5am_pm  libcpp_pnu.l(locale.cpp.o)
    0x200001e4        -       0x00000004   Zero   RW         2055    .bss._ZGVZNSt3__2L11init_wweeksEvE5weeks  libcpp_pnu.l(locale.cpp.o)
    0x200001e8        -       0x00000004   Zero   RW         2059    .bss._ZGVZNSt3__2L12init_wmonthsEvE6months  libcpp_pnu.l(locale.cpp.o)
    0x200001ec        -       0x00000008   Zero   RW         2887    .bss._ZNSt3__210moneypunctIcLb0EE2idE  libcpp_pnu.l(locale.cpp.o)
    0x200001f4        -       0x00000008   Zero   RW         2889    .bss._ZNSt3__210moneypunctIcLb1EE2idE  libcpp_pnu.l(locale.cpp.o)
    0x200001fc        -       0x00000008   Zero   RW         2891    .bss._ZNSt3__210moneypunctIwLb0EE2idE  libcpp_pnu.l(locale.cpp.o)
    0x20000204        -       0x00000008   Zero   RW         2893    .bss._ZNSt3__210moneypunctIwLb1EE2idE  libcpp_pnu.l(locale.cpp.o)
    0x2000020c        -       0x00000058   Zero   RW         1144    .bss._ZNSt3__23cinE  libcpp_pnu.l(iostream.cpp.o)
    0x20000264        -       0x00000054   Zero   RW         1148    .bss._ZNSt3__24cerrE  libcpp_pnu.l(iostream.cpp.o)
    0x200002b8        -       0x00000054   Zero   RW         1150    .bss._ZNSt3__24clogE  libcpp_pnu.l(iostream.cpp.o)
    0x2000030c        -       0x00000054   Zero   RW         1146    .bss._ZNSt3__24coutE  libcpp_pnu.l(iostream.cpp.o)
    0x20000360        -       0x00000058   Zero   RW         1145    .bss._ZNSt3__24wcinE  libcpp_pnu.l(iostream.cpp.o)
    0x200003b8        -       0x00000008   Zero   RW         1913    .bss._ZNSt3__25ctypeIcE2idE  libcpp_pnu.l(locale.cpp.o)
    0x200003c0        -       0x00000008   Zero   RW         1912    .bss._ZNSt3__25ctypeIwE2idE  libcpp_pnu.l(locale.cpp.o)
    0x200003c8        -       0x00000054   Zero   RW         1149    .bss._ZNSt3__25wcerrE  libcpp_pnu.l(iostream.cpp.o)
    0x2000041c        -       0x00000054   Zero   RW         1151    .bss._ZNSt3__25wclogE  libcpp_pnu.l(iostream.cpp.o)
    0x20000470        -       0x00000054   Zero   RW         1147    .bss._ZNSt3__25wcoutE  libcpp_pnu.l(iostream.cpp.o)
    0x200004c4        -       0x00000004   Zero   RW         1897    .bss._ZNSt3__26locale2id9__next_idE  libcpp_pnu.l(locale.cpp.o)
    0x200004c8        -       0x0000009c   Zero   RW         1892    .bss._ZNSt3__26locale5__imp19classic_locale_imp_E  libcpp_pnu.l(locale.cpp.o)
    0x20000564        -       0x00000008   Zero   RW         1925    .bss._ZNSt3__27codecvtIDiDuSt11__mbstate_tE2idE  libcpp_pnu.l(locale.cpp.o)
    0x2000056c        -       0x00000008   Zero   RW         1924    .bss._ZNSt3__27codecvtIDicSt11__mbstate_tE2idE  libcpp_pnu.l(locale.cpp.o)
    0x20000574        -       0x00000008   Zero   RW         1923    .bss._ZNSt3__27codecvtIDsDuSt11__mbstate_tE2idE  libcpp_pnu.l(locale.cpp.o)
    0x2000057c        -       0x00000008   Zero   RW         1922    .bss._ZNSt3__27codecvtIDscSt11__mbstate_tE2idE  libcpp_pnu.l(locale.cpp.o)
    0x20000584        -       0x00000008   Zero   RW         1919    .bss._ZNSt3__27codecvtIccSt11__mbstate_tE2idE  libcpp_pnu.l(locale.cpp.o)
    0x2000058c        -       0x00000008   Zero   RW         1920    .bss._ZNSt3__27codecvtIwcSt11__mbstate_tE2idE  libcpp_pnu.l(locale.cpp.o)
    0x20000594        -       0x00000008   Zero   RW         2877    .bss._ZNSt3__27collateIcE2idE  libcpp_pnu.l(locale.cpp.o)
    0x2000059c        -       0x00000008   Zero   RW         2878    .bss._ZNSt3__27collateIwE2idE  libcpp_pnu.l(locale.cpp.o)
    0x200005a4        -       0x00000008   Zero   RW         2879    .bss._ZNSt3__27num_getIcNS_19istreambuf_iteratorIcNS_11char_traitsIcEEEEE2idE  libcpp_pnu.l(locale.cpp.o)
    0x200005ac        -       0x00000008   Zero   RW         2880    .bss._ZNSt3__27num_getIwNS_19istreambuf_iteratorIwNS_11char_traitsIwEEEEE2idE  libcpp_pnu.l(locale.cpp.o)
    0x200005b4        -       0x00000008   Zero   RW         2881    .bss._ZNSt3__27num_putIcNS_19ostreambuf_iteratorIcNS_11char_traitsIcEEEEE2idE  libcpp_pnu.l(locale.cpp.o)
    0x200005bc        -       0x00000008   Zero   RW         2882    .bss._ZNSt3__27num_putIwNS_19ostreambuf_iteratorIwNS_11char_traitsIwEEEEE2idE  libcpp_pnu.l(locale.cpp.o)
    0x200005c4        -       0x00000008   Zero   RW         2899    .bss._ZNSt3__28messagesIcE2idE  libcpp_pnu.l(locale.cpp.o)
    0x200005cc        -       0x00000008   Zero   RW         2900    .bss._ZNSt3__28messagesIwE2idE  libcpp_pnu.l(locale.cpp.o)
    0x200005d4        -       0x00000008   Zero   RW         1926    .bss._ZNSt3__28numpunctIcE2idE  libcpp_pnu.l(locale.cpp.o)
    0x200005dc        -       0x00000008   Zero   RW         1927    .bss._ZNSt3__28numpunctIwE2idE  libcpp_pnu.l(locale.cpp.o)
    0x200005e4        -       0x00000008   Zero   RW         2883    .bss._ZNSt3__28time_getIcNS_19istreambuf_iteratorIcNS_11char_traitsIcEEEEE2idE  libcpp_pnu.l(locale.cpp.o)
    0x200005ec        -       0x00000008   Zero   RW         2884    .bss._ZNSt3__28time_getIwNS_19istreambuf_iteratorIwNS_11char_traitsIwEEEEE2idE  libcpp_pnu.l(locale.cpp.o)
    0x200005f4        -       0x00000008   Zero   RW         2885    .bss._ZNSt3__28time_putIcNS_19ostreambuf_iteratorIcNS_11char_traitsIcEEEEE2idE  libcpp_pnu.l(locale.cpp.o)
    0x200005fc        -       0x00000008   Zero   RW         2886    .bss._ZNSt3__28time_putIwNS_19ostreambuf_iteratorIwNS_11char_traitsIwEEEEE2idE  libcpp_pnu.l(locale.cpp.o)
    0x20000604        -       0x00000008   Zero   RW         2895    .bss._ZNSt3__29money_getIcNS_19istreambuf_iteratorIcNS_11char_traitsIcEEEEE2idE  libcpp_pnu.l(locale.cpp.o)
    0x2000060c        -       0x00000008   Zero   RW         2896    .bss._ZNSt3__29money_getIwNS_19istreambuf_iteratorIwNS_11char_traitsIwEEEEE2idE  libcpp_pnu.l(locale.cpp.o)
    0x20000614        -       0x00000008   Zero   RW         2897    .bss._ZNSt3__29money_putIcNS_19ostreambuf_iteratorIcNS_11char_traitsIcEEEEE2idE  libcpp_pnu.l(locale.cpp.o)
    0x2000061c        -       0x00000008   Zero   RW         2898    .bss._ZNSt3__29money_putIwNS_19ostreambuf_iteratorIwNS_11char_traitsIwEEEEE2idE  libcpp_pnu.l(locale.cpp.o)
    0x20000624        -       0x00000001   Zero   RW          296    .bss._ZNSt3__2L19__start_std_streamsE  main.o
    0x20000625   0x00018060   0x00000003   PAD
    0x20000628        -       0x00000038   Zero   RW         1152    .bss._ZNSt3__2L5__cinE  libcpp_pnu.l(iostream.cpp.o)
    0x20000660        -       0x00000030   Zero   RW         1156    .bss._ZNSt3__2L6__cerrE  libcpp_pnu.l(iostream.cpp.o)
    0x20000690        -       0x00000030   Zero   RW         1154    .bss._ZNSt3__2L6__coutE  libcpp_pnu.l(iostream.cpp.o)
    0x200006c0        -       0x00000038   Zero   RW         1158    .bss._ZNSt3__2L6__wcinE  libcpp_pnu.l(iostream.cpp.o)
    0x200006f8        -       0x00000008   Zero   RW         1153    .bss._ZNSt3__2L6mb_cinE  libcpp_pnu.l(iostream.cpp.o)
    0x20000700        -       0x00000030   Zero   RW         1162    .bss._ZNSt3__2L7__wcerrE  libcpp_pnu.l(iostream.cpp.o)
    0x20000730        -       0x00000030   Zero   RW         1160    .bss._ZNSt3__2L7__wcoutE  libcpp_pnu.l(iostream.cpp.o)
    0x20000760        -       0x00000008   Zero   RW         1157    .bss._ZNSt3__2L7mb_cerrE  libcpp_pnu.l(iostream.cpp.o)
    0x20000768        -       0x00000008   Zero   RW         1155    .bss._ZNSt3__2L7mb_coutE  libcpp_pnu.l(iostream.cpp.o)
    0x20000770        -       0x00000008   Zero   RW         1159    .bss._ZNSt3__2L7mb_wcinE  libcpp_pnu.l(iostream.cpp.o)
    0x20000778        -       0x00000008   Zero   RW         1163    .bss._ZNSt3__2L8mb_wcerrE  libcpp_pnu.l(iostream.cpp.o)
    0x20000780        -       0x00000008   Zero   RW         1161    .bss._ZNSt3__2L8mb_wcoutE  libcpp_pnu.l(iostream.cpp.o)
    0x20000788        -       0x0000000c   Zero   RW         1952    .bss._ZZNKSt3__220__time_get_c_storageIcE3__cEvE1s  libcpp_pnu.l(locale.cpp.o)
    0x20000794        -       0x0000000c   Zero   RW         1957    .bss._ZZNKSt3__220__time_get_c_storageIcE3__rEvE1s  libcpp_pnu.l(locale.cpp.o)
    0x200007a0        -       0x00000004   Zero   RW         1940    .bss._ZZNKSt3__220__time_get_c_storageIcE7__am_pmEvE5am_pm  libcpp_pnu.l(locale.cpp.o)
    0x200007a4        -       0x00000004   Zero   RW         1932    .bss._ZZNKSt3__220__time_get_c_storageIcE7__weeksEvE5weeks  libcpp_pnu.l(locale.cpp.o)
    0x200007a8        -       0x00000004   Zero   RW         1936    .bss._ZZNKSt3__220__time_get_c_storageIcE8__monthsEvE6months  libcpp_pnu.l(locale.cpp.o)
    0x200007ac        -       0x0000000c   Zero   RW         1950    .bss._ZZNKSt3__220__time_get_c_storageIwE3__XEvE1s  libcpp_pnu.l(locale.cpp.o)
    0x200007b8        -       0x0000000c   Zero   RW         1954    .bss._ZZNKSt3__220__time_get_c_storageIwE3__cEvE1s  libcpp_pnu.l(locale.cpp.o)
    0x200007c4        -       0x0000000c   Zero   RW         1959    .bss._ZZNKSt3__220__time_get_c_storageIwE3__rEvE1s  libcpp_pnu.l(locale.cpp.o)
    0x200007d0        -       0x0000000c   Zero   RW         1946    .bss._ZZNKSt3__220__time_get_c_storageIwE3__xEvE1s  libcpp_pnu.l(locale.cpp.o)
    0x200007dc        -       0x00000004   Zero   RW         1942    .bss._ZZNKSt3__220__time_get_c_storageIwE7__am_pmEvE5am_pm  libcpp_pnu.l(locale.cpp.o)
    0x200007e0        -       0x00000004   Zero   RW         1934    .bss._ZZNKSt3__220__time_get_c_storageIwE7__weeksEvE5weeks  libcpp_pnu.l(locale.cpp.o)
    0x200007e4        -       0x00000004   Zero   RW         1938    .bss._ZZNKSt3__220__time_get_c_storageIwE8__monthsEvE6months  libcpp_pnu.l(locale.cpp.o)
    0x200007e8        -       0x00000008   Zero   RW         2080    .bss._ZZNSt3__212_GLOBAL__N_14makeINS_10moneypunctIcLb0EEEJjEEERT_DpT0_E3buf  libcpp_pnu.l(locale.cpp.o)
    0x200007f0        -       0x00000008   Zero   RW         2081    .bss._ZZNSt3__212_GLOBAL__N_14makeINS_10moneypunctIcLb1EEEJjEEERT_DpT0_E3buf  libcpp_pnu.l(locale.cpp.o)
    0x200007f8        -       0x00000008   Zero   RW         2082    .bss._ZZNSt3__212_GLOBAL__N_14makeINS_10moneypunctIwLb0EEEJjEEERT_DpT0_E3buf  libcpp_pnu.l(locale.cpp.o)
    0x20000800        -       0x00000008   Zero   RW         2083    .bss._ZZNSt3__212_GLOBAL__N_14makeINS_10moneypunctIwLb1EEEJjEEERT_DpT0_E3buf  libcpp_pnu.l(locale.cpp.o)
    0x20000808        -       0x00000010   Zero   RW         2066    .bss._ZZNSt3__212_GLOBAL__N_14makeINS_5ctypeIcEEJDnbjEEERT_DpT0_E3buf  libcpp_pnu.l(locale.cpp.o)
    0x20000818        -       0x00000008   Zero   RW         2067    .bss._ZZNSt3__212_GLOBAL__N_14makeINS_5ctypeIwEEJjEEERT_DpT0_E3buf  libcpp_pnu.l(locale.cpp.o)
    0x20000820        -       0x00000008   Zero   RW         2073    .bss._ZZNSt3__212_GLOBAL__N_14makeINS_7codecvtIDiDuSt11__mbstate_tEEJjEEERT_DpT0_E3buf  libcpp_pnu.l(locale.cpp.o)
    0x20000828        -       0x00000008   Zero   RW         2071    .bss._ZZNSt3__212_GLOBAL__N_14makeINS_7codecvtIDicSt11__mbstate_tEEJjEEERT_DpT0_E3buf  libcpp_pnu.l(locale.cpp.o)
    0x20000830        -       0x00000008   Zero   RW         2072    .bss._ZZNSt3__212_GLOBAL__N_14makeINS_7codecvtIDsDuSt11__mbstate_tEEJjEEERT_DpT0_E3buf  libcpp_pnu.l(locale.cpp.o)
    0x20000838        -       0x00000008   Zero   RW         2070    .bss._ZZNSt3__212_GLOBAL__N_14makeINS_7codecvtIDscSt11__mbstate_tEEJjEEERT_DpT0_E3buf  libcpp_pnu.l(locale.cpp.o)
    0x20000840        -       0x00000008   Zero   RW         2068    .bss._ZZNSt3__212_GLOBAL__N_14makeINS_7codecvtIccSt11__mbstate_tEEJjEEERT_DpT0_E3buf  libcpp_pnu.l(locale.cpp.o)
    0x20000848        -       0x0000000c   Zero   RW         2069    .bss._ZZNSt3__212_GLOBAL__N_14makeINS_7codecvtIwcSt11__mbstate_tEEJjEEERT_DpT0_E3buf  libcpp_pnu.l(locale.cpp.o)
    0x20000854        -       0x00000008   Zero   RW         2064    .bss._ZZNSt3__212_GLOBAL__N_14makeINS_7collateIcEEJjEEERT_DpT0_E3buf  libcpp_pnu.l(locale.cpp.o)
    0x2000085c        -       0x00000008   Zero   RW         2065    .bss._ZZNSt3__212_GLOBAL__N_14makeINS_7collateIwEEJjEEERT_DpT0_E3buf  libcpp_pnu.l(locale.cpp.o)
    0x20000864        -       0x00000008   Zero   RW         2076    .bss._ZZNSt3__212_GLOBAL__N_14makeINS_7num_getIcNS_19istreambuf_iteratorIcNS_11char_traitsIcEEEEEEJjEEERT_DpT0_E3buf  libcpp_pnu.l(locale.cpp.o)
    0x2000086c        -       0x00000008   Zero   RW         2077    .bss._ZZNSt3__212_GLOBAL__N_14makeINS_7num_getIwNS_19istreambuf_iteratorIwNS_11char_traitsIwEEEEEEJjEEERT_DpT0_E3buf  libcpp_pnu.l(locale.cpp.o)
    0x20000874        -       0x00000008   Zero   RW         2078    .bss._ZZNSt3__212_GLOBAL__N_14makeINS_7num_putIcNS_19ostreambuf_iteratorIcNS_11char_traitsIcEEEEEEJjEEERT_DpT0_E3buf  libcpp_pnu.l(locale.cpp.o)
    0x2000087c        -       0x00000008   Zero   RW         2079    .bss._ZZNSt3__212_GLOBAL__N_14makeINS_7num_putIwNS_19ostreambuf_iteratorIwNS_11char_traitsIwEEEEEEJjEEERT_DpT0_E3buf  libcpp_pnu.l(locale.cpp.o)
    0x20000884        -       0x00000008   Zero   RW         2092    .bss._ZZNSt3__212_GLOBAL__N_14makeINS_8messagesIcEEJjEEERT_DpT0_E3buf  libcpp_pnu.l(locale.cpp.o)
    0x2000088c        -       0x00000008   Zero   RW         2093    .bss._ZZNSt3__212_GLOBAL__N_14makeINS_8messagesIwEEJjEEERT_DpT0_E3buf  libcpp_pnu.l(locale.cpp.o)
    0x20000894        -       0x00000018   Zero   RW         2074    .bss._ZZNSt3__212_GLOBAL__N_14makeINS_8numpunctIcEEJjEEERT_DpT0_E3buf  libcpp_pnu.l(locale.cpp.o)
    0x200008ac        -       0x0000001c   Zero   RW         2075    .bss._ZZNSt3__212_GLOBAL__N_14makeINS_8numpunctIwEEJjEEERT_DpT0_E3buf  libcpp_pnu.l(locale.cpp.o)
    0x200008c8        -       0x0000000c   Zero   RW         2088    .bss._ZZNSt3__212_GLOBAL__N_14makeINS_8time_getIcNS_19istreambuf_iteratorIcNS_11char_traitsIcEEEEEEJjEEERT_DpT0_E3buf  libcpp_pnu.l(locale.cpp.o)
    0x200008d4        -       0x0000000c   Zero   RW         2089    .bss._ZZNSt3__212_GLOBAL__N_14makeINS_8time_getIwNS_19istreambuf_iteratorIwNS_11char_traitsIwEEEEEEJjEEERT_DpT0_E3buf  libcpp_pnu.l(locale.cpp.o)
    0x200008e0        -       0x0000000c   Zero   RW         2090    .bss._ZZNSt3__212_GLOBAL__N_14makeINS_8time_putIcNS_19ostreambuf_iteratorIcNS_11char_traitsIcEEEEEEJjEEERT_DpT0_E3buf  libcpp_pnu.l(locale.cpp.o)
    0x200008ec        -       0x0000000c   Zero   RW         2091    .bss._ZZNSt3__212_GLOBAL__N_14makeINS_8time_putIwNS_19ostreambuf_iteratorIwNS_11char_traitsIwEEEEEEJjEEERT_DpT0_E3buf  libcpp_pnu.l(locale.cpp.o)
    0x200008f8        -       0x00000008   Zero   RW         2084    .bss._ZZNSt3__212_GLOBAL__N_14makeINS_9money_getIcNS_19istreambuf_iteratorIcNS_11char_traitsIcEEEEEEJjEEERT_DpT0_E3buf  libcpp_pnu.l(locale.cpp.o)
    0x20000900        -       0x00000008   Zero   RW         2085    .bss._ZZNSt3__212_GLOBAL__N_14makeINS_9money_getIwNS_19istreambuf_iteratorIwNS_11char_traitsIwEEEEEEJjEEERT_DpT0_E3buf  libcpp_pnu.l(locale.cpp.o)
    0x20000908        -       0x00000008   Zero   RW         2086    .bss._ZZNSt3__212_GLOBAL__N_14makeINS_9money_putIcNS_19ostreambuf_iteratorIcNS_11char_traitsIcEEEEEEJjEEERT_DpT0_E3buf  libcpp_pnu.l(locale.cpp.o)
    0x20000910        -       0x00000008   Zero   RW         2087    .bss._ZZNSt3__212_GLOBAL__N_14makeINS_9money_putIwNS_19ostreambuf_iteratorIwNS_11char_traitsIwEEEEEEJjEEERT_DpT0_E3buf  libcpp_pnu.l(locale.cpp.o)
    0x20000918        -       0x00000004   Zero   RW         1893    .bss._ZZNSt3__26locale7classicEvE14classic_locale  libcpp_pnu.l(locale.cpp.o)
    0x2000091c        -       0x00000004   Zero   RW         1895    .bss._ZZNSt3__26locale8__globalEvE1g  libcpp_pnu.l(locale.cpp.o)
    0x20000920        -       0x00000001   Zero   RW         1164    .bss._ZZNSt3__28ios_base4InitC1EvE16init_the_streams  libcpp_pnu.l(iostream.cpp.o)
    0x20000921   0x00018060   0x00000003   PAD
    0x20000924        -       0x00000018   Zero   RW         2060    .bss._ZZNSt3__2L10init_am_pmEvE5am_pm  libcpp_pnu.l(locale.cpp.o)
    0x2000093c        -       0x000000a8   Zero   RW         2052    .bss._ZZNSt3__2L10init_weeksEvE5weeks  libcpp_pnu.l(locale.cpp.o)
    0x200009e4        -       0x00000120   Zero   RW         2056    .bss._ZZNSt3__2L11init_monthsEvE6months  libcpp_pnu.l(locale.cpp.o)
    0x20000b04        -       0x00000018   Zero   RW         2062    .bss._ZZNSt3__2L11init_wam_pmEvE5am_pm  libcpp_pnu.l(locale.cpp.o)
    0x20000b1c        -       0x000000a8   Zero   RW         2054    .bss._ZZNSt3__2L11init_wweeksEvE5weeks  libcpp_pnu.l(locale.cpp.o)
    0x20000bc4        -       0x00000120   Zero   RW         2058    .bss._ZZNSt3__2L12init_wmonthsEvE6months  libcpp_pnu.l(locale.cpp.o)
    0x20000ce4        -       0x00000004   Zero   RW         4562    .bss.__cxa_new_handler  libcppabi_pnu.l(cxa_default_handlers.cpp.o)
    0x20000ce8        -       0x00000004   Zero   RW          122    .bss.g_CLK_i32ErrCode  clk.o
    0x20000cec        -       0x0000001c   Zero   RW          299    .bss.runner         main.o
    0x20000d08        -       0x00000004   Zero   RW          300    .bss.t0             main.o
    0x20000d0c        -       0x00000004   Zero   RW          301    .bss.t1             main.o
    0x20000d10        -       0x00000038   Zero   RW          302    .bss.task0          main.o
    0x20000d48        -       0x00000038   Zero   RW          303    .bss.task1          main.o
    0x20000d80        -       0x00000004   Zero   RW          298    .bss.tick_acc       main.o
    0x20000d84   0x00018060   0x00000004   PAD
    0x20000d88        -       0x00001000   Zero   RW           24    HEAP                startup_m031series.o
    0x20001d88        -       0x00000400   Zero   RW           23    STACK               startup_m031series.o


==============================================================================

Image component sizes


      Code (inc. data)   RO Data    RW Data    ZI Data      Debug   Object Name

       496         24          0          0          4       8713   clk.o
        72          8          0          0          0       1188   cout.o
       124          0          0          0          0       1395   gpio.o
      3024        176         78          0        153      87990   main.o
       620         24         46          0          0       2471   retarget_io.o
       120         60        192          0       5120        788   startup_m031series.o
        60          8          0          0          0       3374   sys.o
       352         40         32         12          0       4226   system_m031series.o
       788         72         24          0          0       6714   uart.o

    ----------------------------------------------------------------------
      5668        412        405         12       5284     116859   Object Totals
         0          0         32          0          0          0   (incl. Generated)
        12          0          1          0          7          0   (incl. Padding)

    ----------------------------------------------------------------------

      Code (inc. data)   RO Data    RW Data    ZI Data      Debug   Library Member Name

        64         10          0          0          0         84   __0sscanf.o
        64          4          0          0          0         84   __ARM_snprintf.o
        52          0          0          0          0         76   __ARM_vasprintf.o
        60          4          0          0          0         72   __ARM_vsnprintf.o
        52          8          0          0          0         72   __ARM_vsscanf.o
         8          0          0          0          0         68   __main.o
       392          6         17          0          0         76   __printf_flags_ss_wp.o
        14          0          0          0          0         60   __printf_wp.o
         0          0          0          0          0          0   __rtentry.o
        12          0          0          0          0          0   __rtentry2.o
         6          0          0          0          0          0   __rtentry4.o
        86         10          0          0          0          0   __scatter.o
        26          0          0          0          0          0   __scatter_copy.o
        28          0          0          0          0          0   __scatter_zi.o
       138          0          0          0          0         80   __strtoll.o
       124          0          0          0          0         84   __strtoull.o
        66          0          0          0          0         76   _c32rtomb.o
        30          0          0          0          0         60   _chval.o
        30          0          0          0          0         68   _mbcurmax.o
        62          0          0          0          0         76   _mbrtoc32.o
        10          0          0          0          0          0   _printf_a.o
        10          0          0          0          0          0   _printf_c.o
        46          0          0          0          0        100   _printf_char.o
        48          6          0          0          0         88   _printf_char_common.o
        40          6          0          0          0         72   _printf_char_file.o
        38          0          0          0          0         60   _printf_charcount.o
        10          0          0          0          0          0   _printf_d.o
       108         18          0          0          0         76   _printf_dec.o
        10          0          0          0          0          0   _printf_e.o
        10          0          0          0          0          0   _printf_f.o
      1044         12          0          0          0        116   _printf_fp_dec.o
       728         10         38          0          0         84   _printf_fp_hex.o
       136         16          0          0          0         76   _printf_fp_infnan.o
        10          0          0          0          0          0   _printf_g.o
       152          4         40          0          0        148   _printf_hex_int_ll_ptr.o
        10          0          0          0          0          0   _printf_i.o
       176          0          0          0          0         84   _printf_intcommon.o
        10          0          0          0          0          0   _printf_l.o
        10          0          0          0          0          0   _printf_lc.o
        10          0          0          0          0          0   _printf_ll.o
        10          0          0          0          0          0   _printf_lld.o
        10          0          0          0          0          0   _printf_lli.o
        10          0          0          0          0          0   _printf_llo.o
        10          0          0          0          0          0   _printf_llu.o
        10          0          0          0          0          0   _printf_llx.o
       112         18          0          0          0         76   _printf_longlong_dec.o
        10          0          0          0          0          0   _printf_ls.o
        10          0          0          0          0          0   _printf_n.o
        10          0          0          0          0          0   _printf_o.o
       112         10          0          0          0        112   _printf_oct_int_ll.o
        10          0          0          0          0          0   _printf_p.o
        78          0          0          0          0        100   _printf_pad.o
         2          0          0          0          0          0   _printf_percent.o
         4          0          0          0          0          0   _printf_percent_end.o
        10          0          0          0          0          0   _printf_s.o
        82          0          0          0          0         72   _printf_str.o
        36          0          0          0          0         76   _printf_truncate.o
        10          0          0          0          0          0   _printf_u.o
        46          0          0          0          0        100   _printf_wchar.o
       188          6          8          0          0         80   _printf_wctomb.o
        10          0          0          0          0          0   _printf_x.o
        22          0          0          0          0         92   _rserrno.o
       896         16          0          0          0         84   _scanf.o
       330          0          0          0          0         84   _scanf_int.o
       330          0          0          0          0         84   _scanf_longlong.o
       284          0          0          0          0         84   _scanf_mbtowc.o
       232          0          0          0          0         84   _scanf_str.o
        30          0          0          0          0         68   _scanf_wcharmap.o
       222          0          0          0          0         84   _scanf_wctomb.o
       206          0          0          0          0         84   _scanf_wstr.o
        68          0          0          0          0         76   _sgetc.o
        16          0          0          0          0         60   _snputc.o
        10          0          0          0          0         60   _sputc.o
       214          0          0          0          0         84   _strtoull.o
        20          0          0          0          0         68   abort.o
        42          0          0          0          0         76   aeabi_atexit.o
        18          0          0          0          0         68   aeabi_memset.o
       364          4          0          0          0         92   aeabi_sdiv.o
       216          6        148          0          0         80   bigflt0.o
      1456         30          0          0          0        336   btod.o
        62          0          0          0          0         72   c32rtomb.o
        14          0          0          0          0         68   cxa_atexit.o
        66          0          0          0          0         76   cxa_finalize.o
        48         34          0          0          0         68   defsig_abrt_inner.o
        12          0          0          0          0         68   defsig_abrt_outer.o
        12          0          0          0          0         68   defsig_exit.o
        52          0          0          0          0         72   defsig_general.o
        80         58          0          0          0         68   defsig_rtmem_inner.o
        12          0          0          0          0         68   defsig_rtmem_outer.o
        52         38          0          0          0         68   defsig_rtred_inner.o
        12          0          0          0          0         68   defsig_rtred_outer.o
        16          0          0          0          0         68   exit.o
        72          0          0          0          0         76   fclose.o
         8          0          0          0          0         60   ferror.o
       104          4          0          0          0        100   fflush.o
        30          0          0          0          0         68   fgetc.o
       188          0          0          0          0         92   fgetwc.o
       612         14          0          0          0        128   filbuf.o
       500         10          0          0          0         76   flsbuf.o
        56         10          0          0          0         72   flushlinebuffered.o
       240         10          0          0          0        108   fopen.o
        32          0          0          0          0         68   fputc.o
       110          0          0          0          0        100   fputwc.o
       244          4          0          0          0         76   fseek.o
        66          0          0          0          0         68   ftell.o
       214          0          0          0          0         84   fwritefast.o
         8          0          0          0          0         68   getc.o
         8          0          0          0          0         68   getwc.o
        98          0          0          0          0         72   h1_alloc.o
        52          0          0          0          0         68   h1_extend.o
        76          0          0          0          0         72   h1_free.o
        12          0          0          0          0         76   h1_init.o
       164          0          0          0          0         88   h1_memalign.o
       178          0          0          0          0         76   h1_realloc.o
         6          0          0          0          0        136   heapauxi.o
         4          0          0          0          0        120   hguard.o
         0          0          0          0          0          0   indicate_semi.o
        44          8          0          0          0         72   init_aeabi.o
       136          0          0          0          0        160   init_alloc.o
       316         44          0          0          0         96   initio.o
        18          0          0          0          0         68   isspace.o
        12          0          0          0          0         68   iswlower.o
        44         10        272          0          0         76   lc_ctype_c.o
        44         10         28          0          0         76   lc_numeric_c.o
        44         10        384          0          0         76   lc_time_c.o
         2          0          0          0          0          0   libinit.o
        56          0          0          0          0          0   libinit2.o
         2          0          0          0          0          0   libshutdown.o
        12          0          0          0          0          0   libshutdown2.o
         8          4          0          0         96         68   libspace.o
        48          0          0          0          0         72   llmul.o
        32          0          0          0          0         68   llshl.o
       122          0          0          0          0         72   lludiv10.o
         0          0          0          0          0          0   maybetermalloc1.o
        36          0          0          0          0         72   mbrlen.o
       112          6          0          0          0         84   mbrtoc32.o
         8          0          0          0          0         68   mbrtowc.o
       140          0          0          0          0         84   mbsnrtowcs.o
       120          0          0          0          0         84   mbsrtowcs.o
       120          0          0          0          0         84   mbtowc.o
        22          0          0          0          0         60   memchr.o
        90          0          0          0          0         68   memcmp.o
        28          6          0          0          0         84   printf.o
        16          4          0          0          0         76   rt_ctype_table.o
         8          4          0          0          0         68   rt_ddtor_pointer_addr_intlibspace.o
         8          4          0          0          0         68   rt_errno_addr_intlibspace.o
         8          4          0          0          0         68   rt_heap_descriptor_intlibspace.o
         8          4          0          0          0         68   rt_locale_intlibspace.o
        64          0          0          0          0        108   rt_memclr.o
       186          0          0          0          0        144   rt_memcpy.o
       150          0          0          0          0        104   rt_memmove.o
         2          0          0          0          0          0   rtexit.o
        10          0          0          0          0          0   rtexit2.o
        40          0          0          0          0         60   rtudiv10.o
        48          8          0          0          0         84   scanf_char.o
      1312         26          0          0          0        124   scanf_fp.o
       820         14          0          0          0         84   scanf_hexfp.o
       316         16          0          0          0         84   scanf_infnan.o
        76          4          0          0          0         72   setvbuf.o
        44          4          0          0          0         84   sprintf.o
       268         14          0          0          0        152   stdio.o
         0          0          0         12        252          0   stdio_streams.o
       136          4          0          0          0         72   strcmp.o
       914        132          0          0          0        256   strftime.o
        68          6          0          0          0         72   strlen.o
       184         16          0          0          0        120   strtod.o
        12          0          0          0          0         68   strtof.o
         8          0          0          0          0         68   strtoll.o
         8          0          0          0          0         68   strtoull.o
        12          4          0          0          0         60   sys_exit.o
        62          0          0          0          0         80   sys_stackheap_outer.o
        12          0          0          0          0         68   sys_wrch.o
        76         14          0          0          0         60   ungetc.o
       104          4          0          0          0         72   ungetwc.o
         2          0          0          0          0         68   use_no_semi.o
        14          0          0          0          0         68   vfprintf.o
        60          4          0          0          0         72   vsnprintf.o
       112          0          0          0          0         68   wclass_c.o
         8          0          0          0          0         68   wcrtomb.o
        18          0          0          0          0         60   wcslen.o
       156          0          0          0          0         84   wcsnrtombs.o
        22          0          0          0          0         60   wmemchr.o
        46          0          0          0          0         60   cmpret.o
       124          4          0          0          0         72   d2f.o
       160          6          0          0          0         76   dcmpin.o
       100          4          0          0          0         92   deqf.o
        20          6          0          0          0         68   dnan2.o
       104          4          0          0          0        104   drlef.o
        96         12          0          0          0         72   dscalbn.o
         0          0         16          0          0          0   fpconst.o
        16          4          0          0          0         76   printf1.o
        16          4          0          0          0         76   printf2.o
        94          0          0          0          0         68   retnan.o
        16          4          0          0          0         76   scanf1.o
        32          8          0          0          0        100   scanf2.o
         0          0          0          0          0          0   usenofp.o
        28          0          0          0          0         44   call_once.cpp.o
        18          0          0          0          0        300   exception.cpp.o
       316         36        179          0          0        712   ios.cpp.o
      2012         60        794          0          0       7020   ios.instantiations.cpp.o
      2638        160        440          0       1037        864   iostream.cpp.o
     52178       2588       6179         24       1860      18060   locale.cpp.o
         0          0         33          0          0          0   memory.cpp.o
       174          0          0          0          0        556   new.cpp.o
        56         48          0          0          0         36   new_helpers.cpp.o
        12          4         67          0          0        244   stdexcept.cpp.o
      1442         24          0          0          0       4476   string.cpp.o
        32          4          0          0          0         52   verbose_abort.cpp.o
         4          0          0          0          0         36   abort_message.cpp.o
         0          0          0          0          4          0   cxa_default_handlers.cpp.o
        52          4        147          0          0         76   cxa_guard.cpp.o
        12          4          0          0          0        132   cxa_handlers.cpp.o
      2462          8        310          0          0       1188   private_typeinfo.cpp.o
         0          0         21          0          0          0   stdlib_typeinfo.cpp.o
        40         10          0          0          0        136   dunder.o
        44          4          0          0          0         60   fpclassify.o
        88         16          0          0          0         72   frexp.o
       132          0          0          0          0        140   ldexp.o
       216         10          0          0          0        144   narrow.o
        30          0          0          0          0         72   strtod.o
        20          0          0          0          0         68   strtof.o
        30          0          0          0          0         72   strtold.o

    ----------------------------------------------------------------------
     83152       3810       9127         36       3252      47376   Library Totals
        98          0          6          0          3          0   (incl. Padding)

    ----------------------------------------------------------------------

      Code (inc. data)   RO Data    RW Data    ZI Data      Debug   Library Name

     20194        774        935         12        348      11876   c_pu.l
       824         56         16          0          0        940   fz_ps.l
     58906       2924       7692         24       2897      32364   libcpp_pnu.l
      2530         16        478          0          4       1432   libcppabi_pnu.l
       600         40          0          0          0        764   m_ps.l

    ----------------------------------------------------------------------
     83152       3810       9127         36       3252      47376   Library Totals

    ----------------------------------------------------------------------

==============================================================================


      Code (inc. data)   RO Data    RW Data    ZI Data      Debug   

     88820       4222       9532         48       8536     156471   Grand Totals
     88820       4222       9532         48       8536     156471   ELF Image Totals
     88820       4222       9532         48          0          0   ROM Totals

==============================================================================

    Total RO  Size (Code + RO Data)                98352 (  96.05kB)
    Total RW  Size (RW Data + ZI Data)              8584 (   8.38kB)
    Total ROM Size (Code + RO Data + RW Data)      98400 (  96.09kB)

==============================================================================

